Component: ARM Compiler 5.06 update 7 (build 960) Tool: armlink [4d3601]

==============================================================================

Section Cross References

    main.o(i.EXTI15_10_IRQHandler) refers to mpu6050.o(i.MPU6050_getDate) for MPU6050_getDate
    main.o(i.EXTI15_10_IRQHandler) refers to main.o(.data) for mpu_data
    main.o(i.main) refers to _printf_percent.o(.ARM.Collect$$_printf_percent$$00000000) for _printf_percent
    main.o(i.main) refers to _printf_d.o(.ARM.Collect$$_printf_percent$$00000009) for _printf_d
    main.o(i.main) refers to _printf_f.o(.ARM.Collect$$_printf_percent$$00000003) for _printf_f
    main.o(i.main) refers to _printf_dec.o(.text) for _printf_int_dec
    main.o(i.main) refers to printf1.o(x$fpl$printf1) for _printf_fp_dec
    main.o(i.main) refers to bsp.o(i.bsp_init) for bsp_init
    main.o(i.main) refers to bsp_battery.o(i.Get_Battery_Volotage) for Get_Battery_Volotage
    main.o(i.main) refers to angle.o(i.calc_angle) for calc_angle
    main.o(i.main) refers to encoder.o(i.Read_Encoder) for Read_Encoder
    main.o(i.main) refers to motor.o(i.Set_Pwm) for Set_Pwm
    main.o(i.main) refers to f2d.o(x$fpl$f2d) for __aeabi_f2d
    main.o(i.main) refers to noretval__2printf.o(.text) for __2printf
    main.o(i.main) refers to delay.o(i.delay_ms) for delay_ms
    main.o(i.main) refers to main.o(.data) for mpu_data
    angle.o(i.calc_angle) refers to feqf.o(x$fpl$feqf) for __aeabi_cfcmpeq
    angle.o(i.calc_angle) refers to fdiv.o(x$fpl$fdiv) for __aeabi_fdiv
    angle.o(i.calc_angle) refers to f2d.o(x$fpl$f2d) for __aeabi_f2d
    angle.o(i.calc_angle) refers to atan.o(i.atan) for atan
    angle.o(i.calc_angle) refers to dmul.o(x$fpl$dmul) for __aeabi_dmul
    angle.o(i.calc_angle) refers to ddiv.o(x$fpl$ddiv) for __aeabi_ddiv
    angle.o(i.calc_angle) refers to d2f.o(x$fpl$d2f) for __aeabi_d2f
    angle.o(i.calc_angle) refers to fleqf.o(x$fpl$fleqf) for __aeabi_cfcmple
    angle.o(i.calc_angle) refers to frleqf.o(x$fpl$frleqf) for __aeabi_cfrcmple
    angle.o(i.calc_angle) refers to daddsub_clz.o(x$fpl$dadd) for __aeabi_dadd
    angle.o(i.calc_angle) refers to angle.o(.data) for gyro_angle_prev
    startup_stm32f10x_hd.o(STACK) refers (Special) to heapauxi.o(.text) for __use_two_region_memory
    startup_stm32f10x_hd.o(HEAP) refers (Special) to heapauxi.o(.text) for __use_two_region_memory
    startup_stm32f10x_hd.o(RESET) refers (Special) to heapauxi.o(.text) for __use_two_region_memory
    startup_stm32f10x_hd.o(RESET) refers to startup_stm32f10x_hd.o(STACK) for __initial_sp
    startup_stm32f10x_hd.o(RESET) refers to startup_stm32f10x_hd.o(.text) for Reset_Handler
    startup_stm32f10x_hd.o(RESET) refers to stm32f10x_it.o(i.NMI_Handler) for NMI_Handler
    startup_stm32f10x_hd.o(RESET) refers to stm32f10x_it.o(i.HardFault_Handler) for HardFault_Handler
    startup_stm32f10x_hd.o(RESET) refers to stm32f10x_it.o(i.MemManage_Handler) for MemManage_Handler
    startup_stm32f10x_hd.o(RESET) refers to stm32f10x_it.o(i.BusFault_Handler) for BusFault_Handler
    startup_stm32f10x_hd.o(RESET) refers to stm32f10x_it.o(i.UsageFault_Handler) for UsageFault_Handler
    startup_stm32f10x_hd.o(RESET) refers to stm32f10x_it.o(i.SVC_Handler) for SVC_Handler
    startup_stm32f10x_hd.o(RESET) refers to stm32f10x_it.o(i.DebugMon_Handler) for DebugMon_Handler
    startup_stm32f10x_hd.o(RESET) refers to stm32f10x_it.o(i.PendSV_Handler) for PendSV_Handler
    startup_stm32f10x_hd.o(RESET) refers to stm32f10x_it.o(i.SysTick_Handler) for SysTick_Handler
    startup_stm32f10x_hd.o(RESET) refers to encoder.o(i.TIM3_IRQHandler) for TIM3_IRQHandler
    startup_stm32f10x_hd.o(RESET) refers to encoder.o(i.TIM4_IRQHandler) for TIM4_IRQHandler
    startup_stm32f10x_hd.o(RESET) refers to usart.o(i.USART1_IRQHandler) for USART1_IRQHandler
    startup_stm32f10x_hd.o(RESET) refers to main.o(i.EXTI15_10_IRQHandler) for EXTI15_10_IRQHandler
    startup_stm32f10x_hd.o(.text) refers (Special) to heapauxi.o(.text) for __use_two_region_memory
    startup_stm32f10x_hd.o(.text) refers to system_stm32f10x.o(i.SystemInit) for SystemInit
    startup_stm32f10x_hd.o(.text) refers to __main.o(!!!main) for __main
    startup_stm32f10x_hd.o(.text) refers to startup_stm32f10x_hd.o(HEAP) for Heap_Mem
    startup_stm32f10x_hd.o(.text) refers to startup_stm32f10x_hd.o(STACK) for Stack_Mem
    system_stm32f10x.o(i.SetSysClock) refers to system_stm32f10x.o(i.SetSysClockTo72) for SetSysClockTo72
    system_stm32f10x.o(i.SystemCoreClockUpdate) refers to system_stm32f10x.o(.data) for SystemCoreClock
    system_stm32f10x.o(i.SystemInit) refers to system_stm32f10x.o(i.SetSysClock) for SetSysClock
    stm32f10x_adc.o(i.ADC_DeInit) refers to stm32f10x_rcc.o(i.RCC_APB2PeriphResetCmd) for RCC_APB2PeriphResetCmd
    stm32f10x_bkp.o(i.BKP_DeInit) refers to stm32f10x_rcc.o(i.RCC_BackupResetCmd) for RCC_BackupResetCmd
[...]
    _rand_init                                - Undefined Weak Reference
    _signal_finish                            - Undefined Weak Reference
    _signal_init                              - Undefined Weak Reference
    _terminate_alloc                          - Undefined Weak Reference
    _terminate_user_alloc                     - Undefined Weak Reference
    _terminateio                              - Undefined Weak Reference
    __Vectors_Size                           0x00000130   Number         0  startup_stm32f10x_hd.o ABSOLUTE
    __Vectors                                0x08000000   Data           4  startup_stm32f10x_hd.o(RESET)
    __Vectors_End                            0x08000130   Data           0  startup_stm32f10x_hd.o(RESET)
    __main                                   0x08000131   Thumb Code     8  __main.o(!!!main)
    __scatterload                            0x08000139   Thumb Code     0  __scatter.o(!!!scatter)
    __scatterload_rt2                        0x08000139   Thumb Code    44  __scatter.o(!!!scatter)
    __scatterload_rt2_thumb_only             0x08000139   Thumb Code     0  __scatter.o(!!!scatter)
    __scatterload_null                       0x08000147   Thumb Code     0  __scatter.o(!!!scatter)
    __scatterload_copy                       0x0800016d   Thumb Code    26  __scatter_copy.o(!!handler_copy)
    __scatterload_zeroinit                   0x08000189   Thumb Code    28  __scatter_zi.o(!!handler_zi)
    _printf_f                                0x080001a5   Thumb Code     0  _printf_f.o(.ARM.Collect$$_printf_percent$$00000003)
    _printf_percent                          0x080001a5   Thumb Code     0  _printf_percent.o(.ARM.Collect$$_printf_percent$$00000000)
    _printf_d                                0x080001ab   Thumb Code     0  _printf_d.o(.ARM.Collect$$_printf_percent$$00000009)
    _printf_percent_end                      0x080001b1   Thumb Code     0  _printf_percent_end.o(.ARM.Collect$$_printf_percent$$00000017)
    __rt_lib_init                            0x080001b5   Thumb Code     0  libinit.o(.ARM.Collect$$libinit$$00000000)
    __rt_lib_init_fp_1                       0x080001b7   Thumb Code     0  libinit2.o(.ARM.Collect$$libinit$$00000002)
    __rt_lib_init_heap_1                     0x080001b7   Thumb Code     0  libinit2.o(.ARM.Collect$$libinit$$0000000A)
    __rt_lib_init_lc_common                  0x080001b7   Thumb Code     0  libinit2.o(.ARM.Collect$$libinit$$0000000F)
    __rt_lib_init_preinit_1                  0x080001b7   Thumb Code     0  libinit2.o(.ARM.Collect$$libinit$$00000004)
    __rt_lib_init_rand_1                     0x080001b7   Thumb Code     0  libinit2.o(.ARM.Collect$$libinit$$0000000E)
    __rt_lib_init_user_alloc_1               0x080001b7   Thumb Code     0  libinit2.o(.ARM.Collect$$libinit$$0000000C)
    __rt_lib_init_lc_collate_1               0x080001bd   Thumb Code     0  libinit2.o(.ARM.Collect$$libinit$$00000011)
    __rt_lib_init_lc_ctype_1                 0x080001bd   Thumb Code     0  libinit2.o(.ARM.Collect$$libinit$$00000013)
    __rt_lib_init_lc_monetary_1              0x080001bd   Thumb Code     0  libinit2.o(.ARM.Collect$$libinit$$00000015)
    __rt_lib_init_lc_numeric_2               0x080001bd   Thumb Code     0  libinit2.o(.ARM.Collect$$libinit$$00000016)
    __rt_lib_init_alloca_1                   0x080001c7   Thumb Code     0  libinit2.o(.ARM.Collect$$libinit$$0000002E)
    __rt_lib_init_argv_1                     0x080001c7   Thumb Code     0  libinit2.o(.ARM.Collect$$libinit$$0000002C)
    __rt_lib_init_atexit_1                   0x080001c7   Thumb Code     0  libinit2.o(.ARM.Collect$$libinit$$0000001B)
    __rt_lib_init_clock_1                    0x080001c7   Thumb Code     0  libinit2.o(.ARM.Collect$$libinit$$00000021)
    __rt_lib_init_cpp_1                      0x080001c7   Thumb Code     0  libinit2.o(.ARM.Collect$$libinit$$00000032)
    __rt_lib_init_exceptions_1               0x080001c7   Thumb Code     0  libinit2.o(.ARM.Collect$$libinit$$00000030)
    __rt_lib_init_fp_trap_1                  0x080001c7   Thumb Code     0  libinit2.o(.ARM.Collect$$libinit$$0000001F)
    __rt_lib_init_getenv_1                   0x080001c7   Thumb Code     0  libinit2.o(.ARM.Collect$$libinit$$00000023)
    __rt_lib_init_lc_numeric_1               0x080001c7   Thumb Code     0  libinit2.o(.ARM.Collect$$libinit$$00000017)
    __rt_lib_init_lc_time_1                  0x080001c7   Thumb Code     0  libinit2.o(.ARM.Collect$$libinit$$00000019)
    __rt_lib_init_return                     0x080001c7   Thumb Code     0  libinit2.o(.ARM.Collect$$libinit$$00000033)
    __rt_lib_init_signal_1                   0x080001c7   Thumb Code     0  libinit2.o(.ARM.Collect$$libinit$$0000001D)
    __rt_lib_init_stdio_1                    0x080001c7   Thumb Code     0  libinit2.o(.ARM.Collect$$libinit$$00000025)
    __rt_lib_shutdown                        0x080001c9   Thumb Code     0  libshutdown.o(.ARM.Collect$$libshutdown$$00000000)
    __rt_lib_shutdown_cpp_1                  0x080001cb   Thumb Code     0  libshutdown2.o(.ARM.Collect$$libshutdown$$00000004)
    __rt_lib_shutdown_fini_1                 0x080001cb   Thumb Code     0  libshutdown2.o(.ARM.Collect$$libshutdown$$00000002)
    __rt_lib_shutdown_fp_trap_1              0x080001cb   Thumb Code     0  libshutdown2.o(.ARM.Collect$$libshutdown$$00000009)
    __rt_lib_shutdown_heap_1                 0x080001cb   Thumb Code     0  libshutdown2.o(.ARM.Collect$$libshutdown$$00000011)
    __rt_lib_shutdown_return                 0x080001cb   Thumb Code     0  libshutdown2.o(.ARM.Collect$$libshutdown$$00000012)
    __rt_lib_shutdown_signal_1               0x080001cb   Thumb Code     0  libshutdown2.o(.ARM.Collect$$libshutdown$$0000000C)
    __rt_lib_shutdown_stdio_1                0x080001cb   Thumb Code     0  libshutdown2.o(.ARM.Collect$$libshutdown$$00000006)
    __rt_lib_shutdown_user_alloc_1           0x080001cb   Thumb Code     0  libshutdown2.o(.ARM.Collect$$libshutdown$$0000000E)
    __rt_entry                               0x080001cd   Thumb Code     0  __rtentry.o(.ARM.Collect$$rtentry$$00000000)
    __rt_entry_presh_1                       0x080001cd   Thumb Code     0  __rtentry2.o(.ARM.Collect$$rtentry$$00000002)
    __rt_entry_sh                            0x080001cd   Thumb Code     0  __rtentry4.o(.ARM.Collect$$rtentry$$00000004)
    __rt_entry_li                            0x080001d3   Thumb Code     0  __rtentry2.o(.ARM.Collect$$rtentry$$0000000A)
    __rt_entry_postsh_1                      0x080001d3   Thumb Code     0  __rtentry2.o(.ARM.Collect$$rtentry$$00000009)
    __rt_entry_main                          0x080001d7   Thumb Code     0  __rtentry2.o(.ARM.Collect$$rtentry$$0000000D)
    __rt_entry_postli_1                      0x080001d7   Thumb Code     0  __rtentry2.o(.ARM.Collect$$rtentry$$0000000C)
    __rt_exit                                0x080001df   Thumb Code     0  rtexit.o(.ARM.Collect$$rtexit$$00000000)
    __rt_exit_ls                             0x080001e1   Thumb Code     0  rtexit2.o(.ARM.Collect$$rtexit$$00000003)
    __rt_exit_prels_1                        0x080001e1   Thumb Code     0  rtexit2.o(.ARM.Collect$$rtexit$$00000002)
    __rt_exit_exit                           0x080001e5   Thumb Code     0  rtexit2.o(.ARM.Collect$$rtexit$$00000004)
    Reset_Handler                            0x080001ed   Thumb Code     8  startup_stm32f10x_hd.o(.text)
    ADC1_2_IRQHandler                        0x08000207   Thumb Code     0  startup_stm32f10x_hd.o(.text)
    ADC3_IRQHandler                          0x08000207   Thumb Code     0  startup_stm32f10x_hd.o(.text)
    CAN1_RX1_IRQHandler                      0x08000207   Thumb Code     0  startup_stm32f10x_hd.o(.text)
    CAN1_SCE_IRQHandler                      0x08000207   Thumb Code     0  startup_stm32f10x_hd.o(.text)
    DMA1_Channel1_IRQHandler                 0x08000207   Thumb Code     0  startup_stm32f10x_hd.o(.text)
    DMA1_Channel2_IRQHandler                 0x08000207   Thumb Code     0  startup_stm32f10x_hd.o(.text)
    DMA1_Channel3_IRQHandler                 0x08000207   Thumb Code     0  startup_stm32f10x_hd.o(.text)
    DMA1_Channel4_IRQHandler                 0x08000207   Thumb Code     0  startup_stm32f10x_hd.o(.text)
    DMA1_Channel5_IRQHandler                 0x08000207   Thumb Code     0  startup_stm32f10x_hd.o(.text)
    DMA1_Channel6_IRQHandler                 0x08000207   Thumb Code     0  startup_stm32f10x_hd.o(.text)
    DMA1_Channel7_IRQHandler                 0x08000207   Thumb Code     0  startup_stm32f10x_hd.o(.text)
    DMA2_Channel1_IRQHandler                 0x08000207   Thumb Code     0  startup_stm32f10x_hd.o(.text)
    DMA2_Channel2_IRQHandler                 0x08000207   Thumb Code     0  startup_stm32f10x_hd.o(.text)
    DMA2_Channel3_IRQHandler                 0x08000207   Thumb Code     0  startup_stm32f10x_hd.o(.text)
    DMA2_Channel4_5_IRQHandler               0x08000207   Thumb Code     0  startup_stm32f10x_hd.o(.text)
    EXTI0_IRQHandler                         0x08000207   Thumb Code     0  startup_stm32f10x_hd.o(.text)
    EXTI1_IRQHandler                         0x08000207   Thumb Code     0  startup_stm32f10x_hd.o(.text)
    EXTI2_IRQHandler                         0x08000207   Thumb Code     0  startup_stm32f10x_hd.o(.text)
    EXTI3_IRQHandler                         0x08000207   Thumb Code     0  startup_stm32f10x_hd.o(.text)
    EXTI4_IRQHandler                         0x08000207   Thumb Code     0  startup_stm32f10x_hd.o(.text)
    EXTI9_5_IRQHandler                       0x08000207   Thumb Code     0  startup_stm32f10x_hd.o(.text)
    FLASH_IRQHandler                         0x08000207   Thumb Code     0  startup_stm32f10x_hd.o(.text)
    FSMC_IRQHandler                          0x08000207   Thumb Code     0  startup_stm32f10x_hd.o(.text)
    I2C1_ER_IRQHandler                       0x08000207   Thumb Code     0  startup_stm32f10x_hd.o(.text)
    I2C1_EV_IRQHandler                       0x08000207   Thumb Code     0  startup_stm32f10x_hd.o(.text)
    I2C2_ER_IRQHandler                       0x08000207   Thumb Code     0  startup_stm32f10x_hd.o(.text)
    I2C2_EV_IRQHandler                       0x08000207   Thumb Code     0  startup_stm32f10x_hd.o(.text)
    PVD_IRQHandler                           0x08000207   Thumb Code     0  startup_stm32f10x_hd.o(.text)
    RCC_IRQHandler                           0x08000207   Thumb Code     0  startup_stm32f10x_hd.o(.text)
    RTCAlarm_IRQHandler                      0x08000207   Thumb Code     0  startup_stm32f10x_hd.o(.text)
    RTC_IRQHandler                           0x08000207   Thumb Code     0  startup_stm32f10x_hd.o(.text)
    SDIO_IRQHandler                          0x08000207   Thumb Code     0  startup_stm32f10x_hd.o(.text)
    SPI1_IRQHandler                          0x08000207   Thumb Code     0  startup_stm32f10x_hd.o(.text)
    SPI2_IRQHandler                          0x08000207   Thumb Code     0  startup_stm32f10x_hd.o(.text)
    SPI3_IRQHandler                          0x08000207   Thumb Code     0  startup_stm32f10x_hd.o(.text)
    TAMPER_IRQHandler                        0x08000207   Thumb Code     0  startup_stm32f10x_hd.o(.text)
    TIM1_BRK_IRQHandler                      0x08000207   Thumb Code     0  startup_stm32f10x_hd.o(.text)
    TIM1_CC_IRQHandler                       0x08000207   Thumb Code     0  startup_stm32f10x_hd.o(.text)
    TIM1_TRG_COM_IRQHandler                  0x08000207   Thumb Code     0  startup_stm32f10x_hd.o(.text)
    TIM1_UP_IRQHandler                       0x08000207   Thumb Code     0  startup_stm32f10x_hd.o(.text)
    TIM2_IRQHandler                          0x08000207   Thumb Code     0  startup_stm32f10x_hd.o(.text)
    TIM5_IRQHandler                          0x08000207   Thumb Code     0  startup_stm32f10x_hd.o(.text)
    TIM6_IRQHandler                          0x08000207   Thumb Code     0  startup_stm32f10x_hd.o(.text)
    TIM7_IRQHandler                          0x08000207   Thumb Code     0  startup_stm32f10x_hd.o(.text)
    TIM8_BRK_IRQHandler                      0x08000207   Thumb Code     0  startup_stm32f10x_hd.o(.text)
    TIM8_CC_IRQHandler                       0x08000207   Thumb Code     0  startup_stm32f10x_hd.o(.text)
    TIM8_TRG_COM_IRQHandler                  0x08000207   Thumb Code     0  startup_stm32f10x_hd.o(.text)
    TIM8_UP_IRQHandler                       0x08000207   Thumb Code     0  startup_stm32f10x_hd.o(.text)
    UART4_IRQHandler                         0x08000207   Thumb Code     0  startup_stm32f10x_hd.o(.text)
    UART5_IRQHandler                         0x08000207   Thumb Code     0  startup_stm32f10x_hd.o(.text)
    USART2_IRQHandler                        0x08000207   Thumb Code     0  startup_stm32f10x_hd.o(.text)
    USART3_IRQHandler                        0x08000207   Thumb Code     0  startup_stm32f10x_hd.o(.text)
    USBWakeUp_IRQHandler                     0x08000207   Thumb Code     0  startup_stm32f10x_hd.o(.text)
    USB_HP_CAN1_TX_IRQHandler                0x08000207   Thumb Code     0  startup_stm32f10x_hd.o(.text)
    USB_LP_CAN1_RX0_IRQHandler               0x08000207   Thumb Code     0  startup_stm32f10x_hd.o(.text)
    WWDG_IRQHandler                          0x08000207   Thumb Code     0  startup_stm32f10x_hd.o(.text)
    __user_initial_stackheap                 0x08000209   Thumb Code     0  startup_stm32f10x_hd.o(.text)
    __use_no_semihosting                     0x0800022d   Thumb Code     2  use_no_semi_2.o(.text)
    __aeabi_ldivmod                          0x0800022f   Thumb Code     0  llsdiv.o(.text)
    _ll_sdiv                                 0x0800022f   Thumb Code    72  llsdiv.o(.text)
    __2printf                                0x08000279   Thumb Code    20  noretval__2printf.o(.text)
    _printf_int_dec                          0x08000291   Thumb Code   104  _printf_dec.o(.text)
    __printf                                 0x08000309   Thumb Code   270  __printf_wp.o(.text)
    memcmp                                   0x08000417   Thumb Code    88  memcmp.o(.text)
    __aeabi_memset                           0x0800046f   Thumb Code    16  aeabi_memset.o(.text)
    __use_two_region_memory                  0x0800047f   Thumb Code     2  heapauxi.o(.text)
    __rt_heap_escrow$2region                 0x08000481   Thumb Code     2  heapauxi.o(.text)
    __rt_heap_expand$2region                 0x08000483   Thumb Code     2  heapauxi.o(.text)
    __I$use$semihosting                      0x08000485   Thumb Code     0  use_no_semi.o(.text)
    __use_no_semihosting_swi                 0x08000485   Thumb Code     2  use_no_semi.o(.text)
    __aeabi_uldivmod                         0x08000487   Thumb Code     0  lludivv7m.o(.text)
    _ll_udiv                                 0x08000487   Thumb Code   238  lludivv7m.o(.text)
    __read_errno                             0x08000575   Thumb Code    10  _rserrno.o(.text)
    __set_errno                              0x0800057f   Thumb Code    12  _rserrno.o(.text)
    _printf_int_common                       0x0800058b   Thumb Code   178  _printf_intcommon.o(.text)
    __lib_sel_fp_printf                      0x0800063d   Thumb Code     2  _printf_fp_dec.o(.text)
    _printf_fp_dec_real                      0x080007ef   Thumb Code   620  _printf_fp_dec.o(.text)
    _printf_char_file                        0x08000a5d   Thumb Code    32  _printf_char_file.o(.text)
    __aeabi_memclr                           0x08000a81   Thumb Code     0  rt_memclr.o(.text)
    __rt_memclr                              0x08000a81   Thumb Code    68  rt_memclr.o(.text)
    _memset                                  0x08000a85   Thumb Code     0  rt_memclr.o(.text)
    __rt_locale                              0x08000ac5   Thumb Code     8  rt_locale_intlibspace.o(.text)
    __aeabi_errno_addr                       0x08000acd   Thumb Code     8  rt_errno_addr_intlibspace.o(.text)
    __errno$intlibspace                      0x08000acd   Thumb Code     0  rt_errno_addr_intlibspace.o(.text)
    __rt_errno_addr$intlibspace              0x08000acd   Thumb Code     0  rt_errno_addr_intlibspace.o(.text)
    _ll_udiv10                               0x08000ad5   Thumb Code   138  lludiv10.o(.text)
    _printf_char_common                      0x08000b6b   Thumb Code    32  _printf_char_common.o(.text)
    _printf_fp_infnan                        0x08000b91   Thumb Code   112  _printf_fp_infnan.o(.text)
    _btod_etento                             0x08000c11   Thumb Code   224  bigflt0.o(.text)
    ferror                                   0x08000cf5   Thumb Code     8  ferror.o(.text)
    __aeabi_memclr4                          0x08000cfd   Thumb Code     0  rt_memclr_w.o(.text)
    __aeabi_memclr8                          0x08000cfd   Thumb Code     0  rt_memclr_w.o(.text)
    __rt_memclr_w                            0x08000cfd   Thumb Code    78  rt_memclr_w.o(.text)
    _memset_w                                0x08000d01   Thumb Code     0  rt_memclr_w.o(.text)
    __user_libspace                          0x08000d4d   Thumb Code     8  libspace.o(.text)
    __user_perproc_libspace                  0x08000d4d   Thumb Code     0  libspace.o(.text)
    __user_perthread_libspace                0x08000d4d   Thumb Code     0  libspace.o(.text)
    __user_setup_stackheap                   0x08000d55   Thumb Code    74  sys_stackheap_outer.o(.text)
    exit                                     0x08000d9f   Thumb Code    18  exit.o(.text)
    strcmp                                   0x08000db1   Thumb Code   128  strcmpv7m.o(.text)
    _btod_d2e                                0x08000e31   Thumb Code    62  btod.o(CL$$btod_d2e)
    _d2e_denorm_low                          0x08000e6f   Thumb Code    70  btod.o(CL$$btod_d2e_denorm_low)
    _d2e_norm_op1                            0x08000eb5   Thumb Code    96  btod.o(CL$$btod_d2e_norm_op1)
    __btod_div_common                        0x08000f15   Thumb Code   696  btod.o(CL$$btod_div_common)
    _e2e                                     0x0800124d   Thumb Code   220  btod.o(CL$$btod_e2e)
    _btod_ediv                               0x08001329   Thumb Code    42  btod.o(CL$$btod_ediv)
    _btod_emul                               0x08001353   Thumb Code    42  btod.o(CL$$btod_emul)
    __btod_mult_common                       0x0800137d   Thumb Code   580  btod.o(CL$$btod_mult_common)
    ADC_Cmd                                  0x080015c1   Thumb Code    22  stm32f10x_adc.o(i.ADC_Cmd)
    ADC_DeInit                               0x080015d9   Thumb Code    78  stm32f10x_adc.o(i.ADC_DeInit)
    ADC_GetCalibrationStatus                 0x08001635   Thumb Code    20  stm32f10x_adc.o(i.ADC_GetCalibrationStatus)
    ADC_GetConversionValue                   0x08001649   Thumb Code     8  stm32f10x_adc.o(i.ADC_GetConversionValue)
    ADC_GetFlagStatus                        0x08001651   Thumb Code    18  stm32f10x_adc.o(i.ADC_GetFlagStatus)
    ADC_GetResetCalibrationStatus            0x08001663   Thumb Code    20  stm32f10x_adc.o(i.ADC_GetResetCalibrationStatus)
    ADC_Init                                 0x08001679   Thumb Code    70  stm32f10x_adc.o(i.ADC_Init)
    ADC_RegularChannelConfig                 0x080016c9   Thumb Code   184  stm32f10x_adc.o(i.ADC_RegularChannelConfig)
    ADC_ResetCalibration                     0x08001781   Thumb Code    10  stm32f10x_adc.o(i.ADC_ResetCalibration)
    ADC_SoftwareStartConvCmd                 0x0800178b   Thumb Code    22  stm32f10x_adc.o(i.ADC_SoftwareStartConvCmd)
    ADC_StartCalibration                     0x080017a1   Thumb Code    10  stm32f10x_adc.o(i.ADC_StartCalibration)
    Balance_Motor_Init                       0x080017ad   Thumb Code    40  motor.o(i.Balance_Motor_Init)
    Balance_PWM_Init                         0x080017d9   Thumb Code   166  motor.o(i.Balance_PWM_Init)
    Battery_init                             0x080018c5   Thumb Code   132  bsp_battery.o(i.Battery_init)
    BusFault_Handler                         0x08001951   Thumb Code     4  stm32f10x_it.o(i.BusFault_Handler)
    Complementary_Filter_x                   0x08001955   Thumb Code   138  mpu6050.o(i.Complementary_Filter_x)
    Complementary_Filter_y                   0x080019f1   Thumb Code   138  mpu6050.o(i.Complementary_Filter_y)
    DIY_NVIC_PriorityGroupConfig             0x08001a8d   Thumb Code    32  bsp.o(i.DIY_NVIC_PriorityGroupConfig)
    DMP_Init                                 0x08001ab5   Thumb Code   122  mpu6050.o(i.DMP_Init)
    DebugMon_Handler                         0x08001b3d   Thumb Code     2  stm32f10x_it.o(i.DebugMon_Handler)
    EXTI15_10_IRQHandler                     0x08001b41   Thumb Code    28  main.o(i.EXTI15_10_IRQHandler)
    EXTI_Init                                0x08001b69   Thumb Code   142  stm32f10x_exti.o(i.EXTI_Init)
    Encoder_Init_TIM3                        0x08001bfd   Thumb Code   148  encoder.o(i.Encoder_Init_TIM3)
    Encoder_Init_TIM4                        0x08001c99   Thumb Code   148  encoder.o(i.Encoder_Init_TIM4)
    GPIO_EXTILineConfig                      0x08001d35   Thumb Code    60  stm32f10x_gpio.o(i.GPIO_EXTILineConfig)
    GPIO_Init                                0x08001d75   Thumb Code   278  stm32f10x_gpio.o(i.GPIO_Init)
    Get_Battery_Volotage                     0x08001e8d   Thumb Code    22  bsp_battery.o(i.Get_Battery_Volotage)
    Get_Measure_Volotage                     0x08001ea9   Thumb Code    30  bsp_battery.o(i.Get_Measure_Volotage)
    HardFault_Handler                        0x08001ecd   Thumb Code     4  stm32f10x_it.o(i.HardFault_Handler)
    I2C_ReadOneByte                          0x08001ed1   Thumb Code    70  ioi2c.o(i.I2C_ReadOneByte)
    IIC_Ack                                  0x08001f19   Thumb Code    64  ioi2c.o(i.IIC_Ack)
    IIC_MPU6050_Init                         0x08001f65   Thumb Code    40  ioi2c.o(i.IIC_MPU6050_Init)
    IIC_NAck                                 0x08001f91   Thumb Code    62  ioi2c.o(i.IIC_NAck)
    IIC_Read_Byte                            0x08001fdd   Thumb Code    98  ioi2c.o(i.IIC_Read_Byte)
    IIC_Send_Byte                            0x0800204d   Thumb Code    88  ioi2c.o(i.IIC_Send_Byte)
    IIC_Start                                0x080020b1   Thumb Code    92  ioi2c.o(i.IIC_Start)
    IIC_Stop                                 0x08002119   Thumb Code    60  ioi2c.o(i.IIC_Stop)
    IIC_Wait_Ack                             0x08002161   Thumb Code    92  ioi2c.o(i.IIC_Wait_Ack)
    IICreadByte                              0x080021c9   Thumb Code    22  ioi2c.o(i.IICreadByte)
    IICwriteBit                              0x080021df   Thumb Code    64  ioi2c.o(i.IICwriteBit)
    IICwriteBits                             0x0800221f   Thumb Code   106  ioi2c.o(i.IICwriteBits)
    IICwriteByte                             0x08002289   Thumb Code    20  ioi2c.o(i.IICwriteByte)
    IICwriteBytes                            0x0800229d   Thumb Code    70  ioi2c.o(i.IICwriteBytes)
    JTAG_Set                                 0x080022e5   Thumb Code    38  bsp.o(i.JTAG_Set)
    KF_X                                     0x08002315   Thumb Code   666  mpu6050.o(i.KF_X)
    KF_Y                                     0x080025cd   Thumb Code   666  mpu6050.o(i.KF_Y)
    MPU6050_EXTI_Init                        0x08002885   Thumb Code   108  mpu6050.o(i.MPU6050_EXTI_Init)
    MPU6050_Init                             0x080028f5   Thumb Code    24  mpu6050.o(i.MPU6050_Init)
    MPU6050_getDate                          0x0800290d   Thumb Code   948  mpu6050.o(i.MPU6050_getDate)
    MPU6050_initialize                       0x08002ced   Thumb Code    40  mpu6050.o(i.MPU6050_initialize)
    MPU6050_setClockSource                   0x08002d15   Thumb Code    20  mpu6050.o(i.MPU6050_setClockSource)
    MPU6050_setFullScaleAccelRange           0x08002d29   Thumb Code    20  mpu6050.o(i.MPU6050_setFullScaleAccelRange)
    MPU6050_setFullScaleGyroRange            0x08002d3d   Thumb Code    20  mpu6050.o(i.MPU6050_setFullScaleGyroRange)
    MPU6050_setI2CBypassEnabled              0x08002d51   Thumb Code    18  mpu6050.o(i.MPU6050_setI2CBypassEnabled)
    MPU6050_setI2CMasterModeEnabled          0x08002d63   Thumb Code    18  mpu6050.o(i.MPU6050_setI2CMasterModeEnabled)
    MPU6050_setSleepEnabled                  0x08002d75   Thumb Code    18  mpu6050.o(i.MPU6050_setSleepEnabled)
    MemManage_Handler                        0x08002d87   Thumb Code     4  stm32f10x_it.o(i.MemManage_Handler)
    NMI_Handler                              0x08002d8b   Thumb Code     2  stm32f10x_it.o(i.NMI_Handler)
    NVIC_Init                                0x08002d8d   Thumb Code   100  misc.o(i.NVIC_Init)
    PendSV_Handler                           0x08002dfd   Thumb Code     2  stm32f10x_it.o(i.PendSV_Handler)
    RCC_ADCCLKConfig                         0x08002e01   Thumb Code    18  stm32f10x_rcc.o(i.RCC_ADCCLKConfig)
    RCC_APB1PeriphClockCmd                   0x08002e19   Thumb Code    26  stm32f10x_rcc.o(i.RCC_APB1PeriphClockCmd)
    RCC_APB1PeriphResetCmd                   0x08002e39   Thumb Code    26  stm32f10x_rcc.o(i.RCC_APB1PeriphResetCmd)
    RCC_APB2PeriphClockCmd                   0x08002e59   Thumb Code    26  stm32f10x_rcc.o(i.RCC_APB2PeriphClockCmd)
    RCC_APB2PeriphResetCmd                   0x08002e79   Thumb Code    26  stm32f10x_rcc.o(i.RCC_APB2PeriphResetCmd)
    RCC_GetClocksFreq                        0x08002e99   Thumb Code   192  stm32f10x_rcc.o(i.RCC_GetClocksFreq)
    Read_DMP                                 0x08002f6d   Thumb Code   616  mpu6050.o(i.Read_DMP)
    Read_Encoder                             0x080031f5   Thumb Code    48  encoder.o(i.Read_Encoder)
    SVC_Handler                              0x0800322d   Thumb Code     2  stm32f10x_it.o(i.SVC_Handler)
    Set_Pwm                                  0x08003319   Thumb Code   104  motor.o(i.Set_Pwm)
    SysTick_CLKSourceConfig                  0x08003385   Thumb Code    40  misc.o(i.SysTick_CLKSourceConfig)
    SysTick_Handler                          0x080033ad   Thumb Code     2  stm32f10x_it.o(i.SysTick_Handler)
    SystemInit                               0x080033b1   Thumb Code    78  system_stm32f10x.o(i.SystemInit)
    TIM3_IRQHandler                          0x08003651   Thumb Code    18  encoder.o(i.TIM3_IRQHandler)
    TIM4_IRQHandler                          0x08003669   Thumb Code    18  encoder.o(i.TIM4_IRQHandler)
    TIM_ARRPreloadConfig                     0x08003681   Thumb Code    24  stm32f10x_tim.o(i.TIM_ARRPreloadConfig)
    TIM_ClearFlag                            0x08003699   Thumb Code     6  stm32f10x_tim.o(i.TIM_ClearFlag)
    TIM_Cmd                                  0x0800369f   Thumb Code    24  stm32f10x_tim.o(i.TIM_Cmd)
    TIM_CtrlPWMOutputs                       0x080036b7   Thumb Code    30  stm32f10x_tim.o(i.TIM_CtrlPWMOutputs)
    TIM_DeInit                               0x080036d5   Thumb Code   424  stm32f10x_tim.o(i.TIM_DeInit)
    TIM_EncoderInterfaceConfig               0x080038bd   Thumb Code    66  stm32f10x_tim.o(i.TIM_EncoderInterfaceConfig)
    TIM_ICInit                               0x08003901   Thumb Code   150  stm32f10x_tim.o(i.TIM_ICInit)
    TIM_ICStructInit                         0x080039ad   Thumb Code    18  stm32f10x_tim.o(i.TIM_ICStructInit)
    TIM_ITConfig                             0x080039bf   Thumb Code    18  stm32f10x_tim.o(i.TIM_ITConfig)
    TIM_OC1Init                              0x080039d1   Thumb Code   132  stm32f10x_tim.o(i.TIM_OC1Init)
    TIM_OC1PreloadConfig                     0x08003a69   Thumb Code    18  stm32f10x_tim.o(i.TIM_OC1PreloadConfig)
    TIM_OC2Init                              0x08003a7d   Thumb Code   154  stm32f10x_tim.o(i.TIM_OC2Init)
    TIM_OC2PreloadConfig                     0x08003b21   Thumb Code    26  stm32f10x_tim.o(i.TIM_OC2PreloadConfig)
    TIM_OC3Init                              0x08003b3d   Thumb Code   150  stm32f10x_tim.o(i.TIM_OC3Init)
    TIM_OC3PreloadConfig                     0x08003bdd   Thumb Code    18  stm32f10x_tim.o(i.TIM_OC3PreloadConfig)
    TIM_OC4Init                              0x08003bf1   Thumb Code   114  stm32f10x_tim.o(i.TIM_OC4Init)
    TIM_OC4PreloadConfig                     0x08003c6d   Thumb Code    26  stm32f10x_tim.o(i.TIM_OC4PreloadConfig)
    TIM_SetCounter                           0x08003c87   Thumb Code     4  stm32f10x_tim.o(i.TIM_SetCounter)
    TIM_SetIC1Prescaler                      0x08003c8b   Thumb Code    18  stm32f10x_tim.o(i.TIM_SetIC1Prescaler)
    TIM_SetIC2Prescaler                      0x08003c9d   Thumb Code    26  stm32f10x_tim.o(i.TIM_SetIC2Prescaler)
    TIM_SetIC3Prescaler                      0x08003cb7   Thumb Code    18  stm32f10x_tim.o(i.TIM_SetIC3Prescaler)
    TIM_SetIC4Prescaler                      0x08003cc9   Thumb Code    26  stm32f10x_tim.o(i.TIM_SetIC4Prescaler)
    TIM_TimeBaseInit                         0x08003ce5   Thumb Code   122  stm32f10x_tim.o(i.TIM_TimeBaseInit)
    TIM_TimeBaseStructInit                   0x08003d89   Thumb Code    18  stm32f10x_tim.o(i.TIM_TimeBaseStructInit)
    USART1_IRQHandler                        0x08003d9d   Thumb Code    32  usart.o(i.USART1_IRQHandler)
    USART1_Send_U8                           0x08003dc1   Thumb Code    28  usart.o(i.USART1_Send_U8)
    USART_Cmd                                0x08003de1   Thumb Code    24  stm32f10x_usart.o(i.USART_Cmd)
    USART_GetFlagStatus                      0x08003df9   Thumb Code    26  stm32f10x_usart.o(i.USART_GetFlagStatus)
    USART_GetITStatus                        0x08003e13   Thumb Code    84  stm32f10x_usart.o(i.USART_GetITStatus)
    USART_ITConfig                           0x08003e67   Thumb Code    74  stm32f10x_usart.o(i.USART_ITConfig)
    USART_Init                               0x08003eb1   Thumb Code   210  stm32f10x_usart.o(i.USART_Init)
    USART_ReceiveData                        0x08003f89   Thumb Code    10  stm32f10x_usart.o(i.USART_ReceiveData)
    USART_SendData                           0x08003f93   Thumb Code     8  stm32f10x_usart.o(i.USART_SendData)
    UsageFault_Handler                       0x08003f9b   Thumb Code     4  stm32f10x_it.o(i.UsageFault_Handler)
    __ARM_fpclassify                         0x08003f9f   Thumb Code    40  fpclassify.o(i.__ARM_fpclassify)
    __kernel_poly                            0x08003fc7   Thumb Code   170  poly.o(i.__kernel_poly)
    __mathlib_dbl_infnan                     0x08004071   Thumb Code     6  dunder.o(i.__mathlib_dbl_infnan)
    __mathlib_dbl_infnan2                    0x08004077   Thumb Code     4  dunder.o(i.__mathlib_dbl_infnan2)
    __mathlib_dbl_invalid                    0x0800407b   Thumb Code    12  dunder.o(i.__mathlib_dbl_invalid)
    __mathlib_dbl_underflow                  0x08004089   Thumb Code    10  dunder.o(i.__mathlib_dbl_underflow)
    _is_digit                                0x08004099   Thumb Code    14  __printf_wp.o(i._is_digit)
    _sys_exit                                0x080040a7   Thumb Code     4  usart.o(i._sys_exit)
    asin                                     0x08004159   Thumb Code   572  asin.o(i.asin)
    atan                                     0x080043c9   Thumb Code   474  atan.o(i.atan)
    atan2                                    0x080045e9   Thumb Code   374  atan2.o(i.atan2)
    bsp_init                                 0x08004785   Thumb Code    60  bsp.o(i.bsp_init)
    calc_angle                               0x080047c1   Thumb Code   254  angle.o(i.calc_angle)
    delay_init                               0x08004951   Thumb Code    60  delay.o(i.delay_init)
    delay_ms                                 0x0800499d   Thumb Code    56  delay.o(i.delay_ms)
    delay_us                                 0x080049d9   Thumb Code    56  delay.o(i.delay_us)
    dmp_enable_6x_lp_quat                    0x08004a15   Thumb Code    60  inv_mpu_dmp_motion_driver.o(i.dmp_enable_6x_lp_quat)
    dmp_enable_feature                       0x08004a51   Thumb Code   530  inv_mpu_dmp_motion_driver.o(i.dmp_enable_feature)
    dmp_enable_gyro_cal                      0x08004c6d   Thumb Code    62  inv_mpu_dmp_motion_driver.o(i.dmp_enable_gyro_cal)
    dmp_enable_lp_quat                       0x08004cc5   Thumb Code    60  inv_mpu_dmp_motion_driver.o(i.dmp_enable_lp_quat)
    dmp_load_motion_driver_firmware          0x08004d01   Thumb Code    20  inv_mpu_dmp_motion_driver.o(i.dmp_load_motion_driver_firmware)
    dmp_read_fifo                            0x08004d19   Thumb Code   456  inv_mpu_dmp_motion_driver.o(i.dmp_read_fifo)
    dmp_set_accel_bias                       0x08004ee5   Thumb Code   300  inv_mpu_dmp_motion_driver.o(i.dmp_set_accel_bias)
    dmp_set_fifo_rate                        0x08005015   Thumb Code    96  inv_mpu_dmp_motion_driver.o(i.dmp_set_fifo_rate)
    dmp_set_gyro_bias                        0x08005085   Thumb Code   294  inv_mpu_dmp_motion_driver.o(i.dmp_set_gyro_bias)
    dmp_set_orientation                      0x080051b5   Thumb Code   290  inv_mpu_dmp_motion_driver.o(i.dmp_set_orientation)
    dmp_set_shake_reject_thresh              0x080052ed   Thumb Code    56  inv_mpu_dmp_motion_driver.o(i.dmp_set_shake_reject_thresh)
    dmp_set_shake_reject_time                0x08005325   Thumb Code    38  inv_mpu_dmp_motion_driver.o(i.dmp_set_shake_reject_time)
    dmp_set_shake_reject_timeout             0x0800534b   Thumb Code    38  inv_mpu_dmp_motion_driver.o(i.dmp_set_shake_reject_timeout)
    dmp_set_tap_axes                         0x08005371   Thumb Code    70  inv_mpu_dmp_motion_driver.o(i.dmp_set_tap_axes)
    dmp_set_tap_count                        0x080053b7   Thumb Code    38  inv_mpu_dmp_motion_driver.o(i.dmp_set_tap_count)
    dmp_set_tap_thresh                       0x080053dd   Thumb Code   396  inv_mpu_dmp_motion_driver.o(i.dmp_set_tap_thresh)
    dmp_set_tap_time                         0x0800557d   Thumb Code    38  inv_mpu_dmp_motion_driver.o(i.dmp_set_tap_time)
    dmp_set_tap_time_multi                   0x080055a3   Thumb Code    38  inv_mpu_dmp_motion_driver.o(i.dmp_set_tap_time_multi)
    fputc                                    0x080055c9   Thumb Code    24  usart.o(i.fputc)
    i2cRead                                  0x08005c1d   Thumb Code   118  ioi2c.o(i.i2cRead)
    i2cWrite                                 0x08005c93   Thumb Code    96  ioi2c.o(i.i2cWrite)
    main                                     0x08005d69   Thumb Code   104  main.o(i.main)
    mpu_configure_fifo                       0x08005ded   Thumb Code   106  inv_mpu.o(i.mpu_configure_fifo)
    mpu_get_accel_fsr                        0x08005e5d   Thumb Code    72  inv_mpu.o(i.mpu_get_accel_fsr)
    mpu_get_accel_sens                       0x08005ea9   Thumb Code    78  inv_mpu.o(i.mpu_get_accel_sens)
    mpu_get_fifo_config                      0x08005efd   Thumb Code    12  inv_mpu.o(i.mpu_get_fifo_config)
    mpu_get_gyro_fsr                         0x08005f0d   Thumb Code    64  inv_mpu.o(i.mpu_get_gyro_fsr)
    mpu_get_gyro_sens                        0x08005f51   Thumb Code    58  inv_mpu.o(i.mpu_get_gyro_sens)
    mpu_get_lpf                              0x08005fa1   Thumb Code    74  inv_mpu.o(i.mpu_get_lpf)
    mpu_get_sample_rate                      0x08005ff1   Thumb Code    26  inv_mpu.o(i.mpu_get_sample_rate)
    mpu_init                                 0x08006011   Thumb Code   416  inv_mpu.o(i.mpu_init)
    mpu_load_firmware                        0x08006201   Thumb Code   180  inv_mpu.o(i.mpu_load_firmware)
    mpu_lp_accel_mode                        0x080062b9   Thumb Code   218  inv_mpu.o(i.mpu_lp_accel_mode)
    mpu_read_fifo_stream                     0x08006399   Thumb Code   186  inv_mpu.o(i.mpu_read_fifo_stream)
    mpu_read_mem                             0x08006459   Thumb Code   122  inv_mpu.o(i.mpu_read_mem)
    mpu_reset_fifo                           0x080064d9   Thumb Code   438  inv_mpu.o(i.mpu_reset_fifo)
    mpu_run_self_test                        0x08006695   Thumb Code   278  inv_mpu.o(i.mpu_run_self_test)
    mpu_set_accel_fsr                        0x080067b1   Thumb Code   126  inv_mpu.o(i.mpu_set_accel_fsr)
    mpu_set_bypass                           0x08006835   Thumb Code   328  inv_mpu.o(i.mpu_set_bypass)
    mpu_set_dmp_state                        0x08006981   Thumb Code   138  inv_mpu.o(i.mpu_set_dmp_state)
    mpu_set_gyro_fsr                         0x08006a11   Thumb Code   132  inv_mpu.o(i.mpu_set_gyro_fsr)
    mpu_set_int_latched                      0x08006a99   Thumb Code   102  inv_mpu.o(i.mpu_set_int_latched)
    mpu_set_lpf                              0x08006b05   Thumb Code   126  inv_mpu.o(i.mpu_set_lpf)
    mpu_set_sample_rate                      0x08006b89   Thumb Code   152  inv_mpu.o(i.mpu_set_sample_rate)
    mpu_set_sensors                          0x08006c25   Thumb Code   202  inv_mpu.o(i.mpu_set_sensors)
    mpu_write_mem                            0x08006cf5   Thumb Code   122  inv_mpu.o(i.mpu_write_mem)
    mul                                      0x08006d75   Thumb Code   154  mpu6050.o(i.mul)
    myget_ms                                 0x08006e35   Thumb Code     2  inv_mpu.o(i.myget_ms)
    sqrt                                     0x08006f59   Thumb Code    76  sqrt.o(i.sqrt)
    uart_init                                0x08006fa5   Thumb Code   152  usart.o(i.uart_init)
    _get_lc_numeric                          0x08007045   Thumb Code    44  lc_numeric_c.o(locale$$code)
    __aeabi_d2f                              0x08007071   Thumb Code     0  d2f.o(x$fpl$d2f)
    _d2f                                     0x08007071   Thumb Code    98  d2f.o(x$fpl$d2f)
    __aeabi_dadd                             0x080070d5   Thumb Code     0  daddsub_clz.o(x$fpl$dadd)
    _dadd                                    0x080070d5   Thumb Code   332  daddsub_clz.o(x$fpl$dadd)
    __fpl_dcheck_NaN1                        0x08007225   Thumb Code    10  dcheck1.o(x$fpl$dcheck1)
    __fpl_dcmp_Inf                           0x08007235   Thumb Code    24  dcmpi.o(x$fpl$dcmpinf)
    __aeabi_ddiv                             0x0800724d   Thumb Code     0  ddiv.o(x$fpl$ddiv)
    _ddiv                                    0x0800724d   Thumb Code   552  ddiv.o(x$fpl$ddiv)
    __aeabi_cdcmpeq                          0x080074fd   Thumb Code     0  deqf.o(x$fpl$deqf)
    _dcmpeq                                  0x080074fd   Thumb Code   120  deqf.o(x$fpl$deqf)
    __aeabi_dmul                             0x08007575   Thumb Code     0  dmul.o(x$fpl$dmul)
    _dmul                                    0x08007575   Thumb Code   332  dmul.o(x$fpl$dmul)
    __fpl_dnaninf                            0x080076c9   Thumb Code   156  dnaninf.o(x$fpl$dnaninf)
    __fpl_dretinf                            0x08007765   Thumb Code    12  dretinf.o(x$fpl$dretinf)
    __aeabi_drsub                            0x08007771   Thumb Code     0  daddsub_clz.o(x$fpl$drsb)
    _drsb                                    0x08007771   Thumb Code    22  daddsub_clz.o(x$fpl$drsb)
    _dsqrt                                   0x08007789   Thumb Code   456  dsqrt_noumaal.o(x$fpl$dsqrt)
    __aeabi_dsub                             0x08007955   Thumb Code     0  daddsub_clz.o(x$fpl$dsub)
    _dsub                                    0x08007955   Thumb Code   464  daddsub_clz.o(x$fpl$dsub)
    __aeabi_f2d                              0x08007b29   Thumb Code     0  f2d.o(x$fpl$f2d)
    _f2d                                     0x08007b29   Thumb Code    86  f2d.o(x$fpl$f2d)
    __aeabi_fadd                             0x08007b81   Thumb Code     0  faddsub_clz.o(x$fpl$fadd)
    _fadd                                    0x08007b81   Thumb Code   196  faddsub_clz.o(x$fpl$fadd)
    __fpl_fcmp_Inf                           0x08007c45   Thumb Code    24  fcmpi.o(x$fpl$fcmpinf)
    __aeabi_fdiv                             0x08007c5d   Thumb Code     0  fdiv.o(x$fpl$fdiv)
    _fdiv                                    0x08007c5d   Thumb Code   384  fdiv.o(x$fpl$fdiv)
    __aeabi_cfcmpeq                          0x08007de1   Thumb Code     0  feqf.o(x$fpl$feqf)
    _fcmpeq                                  0x08007de1   Thumb Code   104  feqf.o(x$fpl$feqf)
    __aeabi_f2iz                             0x08007e49   Thumb Code     0  ffix.o(x$fpl$ffix)
    _ffix                                    0x08007e49   Thumb Code    54  ffix.o(x$fpl$ffix)
    __aeabi_f2uiz                            0x08007e81   Thumb Code     0  ffixu.o(x$fpl$ffixu)
    _ffixu                                   0x08007e81   Thumb Code    62  ffixu.o(x$fpl$ffixu)
    __aeabi_i2f                              0x08007ec1   Thumb Code     0  fflt_clz.o(x$fpl$fflt)
    _fflt                                    0x08007ec1   Thumb Code    48  fflt_clz.o(x$fpl$fflt)
    __aeabi_ui2f                             0x08007ef1   Thumb Code     0  fflt_clz.o(x$fpl$ffltu)
    _ffltu                                   0x08007ef1   Thumb Code    38  fflt_clz.o(x$fpl$ffltu)
    __aeabi_cfcmple                          0x08007f19   Thumb Code     0  fleqf.o(x$fpl$fleqf)
    _fcmple                                  0x08007f19   Thumb Code   104  fleqf.o(x$fpl$fleqf)
    __fpl_fcmple_InfNaN                      0x08007f6b   Thumb Code     0  fleqf.o(x$fpl$fleqf)
    __aeabi_fmul                             0x08007f81   Thumb Code     0  fmul.o(x$fpl$fmul)
    _fmul                                    0x08007f81   Thumb Code   258  fmul.o(x$fpl$fmul)
    __fpl_fnaninf                            0x08008083   Thumb Code   140  fnaninf.o(x$fpl$fnaninf)
    __fpl_fretinf                            0x0800810f   Thumb Code    10  fretinf.o(x$fpl$fretinf)
    __aeabi_cfrcmple                         0x08008119   Thumb Code     0  frleqf.o(x$fpl$frleqf)
    _frcmple                                 0x08008119   Thumb Code    98  frleqf.o(x$fpl$frleqf)
    __aeabi_fsub                             0x0800817d   Thumb Code     0  faddsub_clz.o(x$fpl$fsub)
    _fsub                                    0x0800817d   Thumb Code   234  faddsub_clz.o(x$fpl$fsub)
    _printf_fp_dec                           0x08008267   Thumb Code     4  printf1.o(x$fpl$printf1)
    __fpl_return_NaN                         0x0800826b   Thumb Code   100  retnan.o(x$fpl$retnan)
    __ARM_scalbn                             0x080082cf   Thumb Code    92  scalbn.o(x$fpl$scalbn)
    __fpl_cmpreturn                          0x0800832b   Thumb Code    48  trapv.o(x$fpl$trapveneer)
    __I$use$fp                               0x0800835a   Number         0  usenofp.o(x$fpl$usenofp)
    hw                                       0x08008414   Data          12  inv_mpu.o(.constdata)
    reg                                      0x08008420   Data          27  inv_mpu.o(.constdata)
    test                                     0x0800843c   Data          40  inv_mpu.o(.constdata)
    __mathlib_zero                           0x08009148   Data           8  qnan.o(.constdata)
    Region$$Table$$Base                      0x08009234   Number         0  anon$$obj.o(Region$$Table)
    Region$$Table$$Limit                     0x08009254   Number         0  anon$$obj.o(Region$$Table)
    mpu_data                                 0x20000000   Data           4  main.o(.data)
    gyro_angle_prev                          0x20000004   Data           4  angle.o(.data)
    SystemCoreClock                          0x20000008   Data           4  system_stm32f10x.o(.data)
    AHBPrescTable                            0x2000000c   Data          16  system_stm32f10x.o(.data)
    __stdout                                 0x20000030   Data           4  usart.o(.data)
    gyro                                     0x20000038   Data           6  mpu6050.o(.data)
    accel                                    0x2000003e   Data           6  mpu6050.o(.data)
    sensors                                  0x20000044   Data           2  mpu6050.o(.data)
    Roll                                     0x20000048   Data           4  mpu6050.o(.data)
    Pitch                                    0x2000004c   Data           4  mpu6050.o(.data)
    Yaw                                      0x20000050   Data           4  mpu6050.o(.data)
    q0                                       0x20000054   Data           4  mpu6050.o(.data)
    q1                                       0x20000058   Data           4  mpu6050.o(.data)
    q2                                       0x2000005c   Data           4  mpu6050.o(.data)
    q3                                       0x20000060   Data           4  mpu6050.o(.data)
    Gx_offset                                0x2000006e   Data           2  mpu6050.o(.data)
    Gy_offset                                0x20000070   Data           2  mpu6050.o(.data)
    Gz_offset                                0x20000072   Data           2  mpu6050.o(.data)
    buffer                                   0x200000f8   Data          14  mpu6050.o(.bss)
    MPU6050_FIFO                             0x20000106   Data         132  mpu6050.o(.bss)
    __libspace_start                         0x20000204   Data          96  libspace.o(.bss)
    __temporary_stack_top$libspace           0x20000264   Data           0  libspace.o(.bss)



==============================================================================

Memory Map of the image

  Image Entry point : 0x08000131

  Load Region LR_IROM1 (Base: 0x08000000, Size: 0x00009368, Max: 0x00040000, ABSOLUTE)

    Execution Region ER_IROM1 (Exec base: 0x08000000, Load base: 0x08000000, Size: 0x00009270, Max: 0x00040000, ABSOLUTE)

    Exec Addr    Load Addr    Size         Type   Attr      Idx    E Section Name        Object

    0x08000000   0x08000000   0x00000130   Data   RO          271    RESET               startup_stm32f10x_hd.o
    0x08000130   0x08000130   0x00000008   Code   RO         4304  * !!!main             c_w.l(__main.o)
    0x08000138   0x08000138   0x00000034   Code   RO         4678    !!!scatter          c_w.l(__scatter.o)
    0x0800016c   0x0800016c   0x0000001a   Code   RO         4680    !!handler_copy      c_w.l(__scatter_copy.o)
    0x08000186   0x08000186   0x00000002   PAD
    0x08000188   0x08000188   0x0000001c   Code   RO         4682    !!handler_zi        c_w.l(__scatter_zi.o)
    0x080001a4   0x080001a4   0x00000000   Code   RO         4297    .ARM.Collect$$_printf_percent$$00000000  c_w.l(_printf_percent.o)
    0x080001a4   0x080001a4   0x00000006   Code   RO         4296    .ARM.Collect$$_printf_percent$$00000003  c_w.l(_printf_f.o)
    0x080001aa   0x080001aa   0x00000006   Code   RO         4295    .ARM.Collect$$_printf_percent$$00000009  c_w.l(_printf_d.o)
    0x080001b0   0x080001b0   0x00000004   Code   RO         4403    .ARM.Collect$$_printf_percent$$00000017  c_w.l(_printf_percent_end.o)
    0x080001b4   0x080001b4   0x00000002   Code   RO         4545    .ARM.Collect$$libinit$$00000000  c_w.l(libinit.o)
    0x080001b6   0x080001b6   0x00000000   Code   RO         4547    .ARM.Collect$$libinit$$00000002  c_w.l(libinit2.o)
    0x080001b6   0x080001b6   0x00000000   Code   RO         4549    .ARM.Collect$$libinit$$00000004  c_w.l(libinit2.o)
    0x080001b6   0x080001b6   0x00000000   Code   RO         4552    .ARM.Collect$$libinit$$0000000A  c_w.l(libinit2.o)
    0x080001b6   0x080001b6   0x00000000   Code   RO         4554    .ARM.Collect$$libinit$$0000000C  c_w.l(libinit2.o)
    0x080001b6   0x080001b6   0x00000000   Code   RO         4556    .ARM.Collect$$libinit$$0000000E  c_w.l(libinit2.o)
    0x080001b6   0x080001b6   0x00000006   Code   RO         4557    .ARM.Collect$$libinit$$0000000F  c_w.l(libinit2.o)
    0x080001bc   0x080001bc   0x00000000   Code   RO         4559    .ARM.Collect$$libinit$$00000011  c_w.l(libinit2.o)
    0x080001bc   0x080001bc   0x00000000   Code   RO         4561    .ARM.Collect$$libinit$$00000013  c_w.l(libinit2.o)
    0x080001bc   0x080001bc   0x00000000   Code   RO         4563    .ARM.Collect$$libinit$$00000015  c_w.l(libinit2.o)
    0x080001bc   0x080001bc   0x0000000a   Code   RO         4564    .ARM.Collect$$libinit$$00000016  c_w.l(libinit2.o)
    0x080001c6   0x080001c6   0x00000000   Code   RO         4565    .ARM.Collect$$libinit$$00000017  c_w.l(libinit2.o)
    0x080001c6   0x080001c6   0x00000000   Code   RO         4567    .ARM.Collect$$libinit$$00000019  c_w.l(libinit2.o)
    0x080001c6   0x080001c6   0x00000000   Code   RO         4569    .ARM.Collect$$libinit$$0000001B  c_w.l(libinit2.o)
    0x080001c6   0x080001c6   0x00000000   Code   RO         4571    .ARM.Collect$$libinit$$0000001D  c_w.l(libinit2.o)
    0x080001c6   0x080001c6   0x00000000   Code   RO         4573    .ARM.Collect$$libinit$$0000001F  c_w.l(libinit2.o)
    0x080001c6   0x080001c6   0x00000000   Code   RO         4575    .ARM.Collect$$libinit$$00000021  c_w.l(libinit2.o)
    0x080001c6   0x080001c6   0x00000000   Code   RO         4577    .ARM.Collect$$libinit$$00000023  c_w.l(libinit2.o)
    0x080001c6   0x080001c6   0x00000000   Code   RO         4579    .ARM.Collect$$libinit$$00000025  c_w.l(libinit2.o)
    0x080001c6   0x080001c6   0x00000000   Code   RO         4583    .ARM.Collect$$libinit$$0000002C  c_w.l(libinit2.o)
    0x080001c6   0x080001c6   0x00000000   Code   RO         4585    .ARM.Collect$$libinit$$0000002E  c_w.l(libinit2.o)
    0x080001c6   0x080001c6   0x00000000   Code   RO         4587    .ARM.Collect$$libinit$$00000030  c_w.l(libinit2.o)
    0x080001c6   0x080001c6   0x00000000   Code   RO         4589    .ARM.Collect$$libinit$$00000032  c_w.l(libinit2.o)
    0x080001c6   0x080001c6   0x00000002   Code   RO         4590    .ARM.Collect$$libinit$$00000033  c_w.l(libinit2.o)
    0x080001c8   0x080001c8   0x00000002   Code   RO         4636    .ARM.Collect$$libshutdown$$00000000  c_w.l(libshutdown.o)
    0x080001ca   0x080001ca   0x00000000   Code   RO         4645    .ARM.Collect$$libshutdown$$00000002  c_w.l(libshutdown2.o)
    0x080001ca   0x080001ca   0x00000000   Code   RO         4647    .ARM.Collect$$libshutdown$$00000004  c_w.l(libshutdown2.o)
    0x080001ca   0x080001ca   0x00000000   Code   RO         4649    .ARM.Collect$$libshutdown$$00000006  c_w.l(libshutdown2.o)
    0x080001ca   0x080001ca   0x00000000   Code   RO         4652    .ARM.Collect$$libshutdown$$00000009  c_w.l(libshutdown2.o)
    0x080001ca   0x080001ca   0x00000000   Code   RO         4655    .ARM.Collect$$libshutdown$$0000000C  c_w.l(libshutdown2.o)
    0x080001ca   0x080001ca   0x00000000   Code   RO         4657    .ARM.Collect$$libshutdown$$0000000E  c_w.l(libshutdown2.o)
    0x080001ca   0x080001ca   0x00000000   Code   RO         4660    .ARM.Collect$$libshutdown$$00000011  c_w.l(libshutdown2.o)
    0x080001ca   0x080001ca   0x00000002   Code   RO         4661    .ARM.Collect$$libshutdown$$00000012  c_w.l(libshutdown2.o)
    0x080001cc   0x080001cc   0x00000000   Code   RO         4392    .ARM.Collect$$rtentry$$00000000  c_w.l(__rtentry.o)
    0x080001cc   0x080001cc   0x00000000   Code   RO         4449    .ARM.Collect$$rtentry$$00000002  c_w.l(__rtentry2.o)
    0x080001cc   0x080001cc   0x00000006   Code   RO         4461    .ARM.Collect$$rtentry$$00000004  c_w.l(__rtentry4.o)
    0x080001d2   0x080001d2   0x00000000   Code   RO         4451    .ARM.Collect$$rtentry$$00000009  c_w.l(__rtentry2.o)
    0x080001d2   0x080001d2   0x00000004   Code   RO         4452    .ARM.Collect$$rtentry$$0000000A  c_w.l(__rtentry2.o)
    0x080001d6   0x080001d6   0x00000000   Code   RO         4454    .ARM.Collect$$rtentry$$0000000C  c_w.l(__rtentry2.o)
    0x080001d6   0x080001d6   0x00000008   Code   RO         4455    .ARM.Collect$$rtentry$$0000000D  c_w.l(__rtentry2.o)
    0x080001de   0x080001de   0x00000002   Code   RO         4593    .ARM.Collect$$rtexit$$00000000  c_w.l(rtexit.o)
    0x080001e0   0x080001e0   0x00000000   Code   RO         4606    .ARM.Collect$$rtexit$$00000002  c_w.l(rtexit2.o)
    0x080001e0   0x080001e0   0x00000004   Code   RO         4607    .ARM.Collect$$rtexit$$00000003  c_w.l(rtexit2.o)
    0x080001e4   0x080001e4   0x00000006   Code   RO         4608    .ARM.Collect$$rtexit$$00000004  c_w.l(rtexit2.o)
    0x080001ea   0x080001ea   0x00000002   PAD
    0x080001ec   0x080001ec   0x00000040   Code   RO          272    .text               startup_stm32f10x_hd.o
    0x0800022c   0x0800022c   0x00000002   Code   RO         4263    .text               c_w.l(use_no_semi_2.o)
    0x0800022e   0x0800022e   0x00000048   Code   RO         4265    .text               c_w.l(llsdiv.o)
    0x08000276   0x08000276   0x00000002   PAD
    0x08000278   0x08000278   0x00000018   Code   RO         4269    .text               c_w.l(noretval__2printf.o)
    0x08000290   0x08000290   0x00000078   Code   RO         4273    .text               c_w.l(_printf_dec.o)
    0x08000308   0x08000308   0x0000010e   Code   RO         4283    .text               c_w.l(__printf_wp.o)
    0x08000416   0x08000416   0x00000058   Code   RO         4298    .text               c_w.l(memcmp.o)
    0x0800046e   0x0800046e   0x00000010   Code   RO         4300    .text               c_w.l(aeabi_memset.o)
    0x0800047e   0x0800047e   0x00000006   Code   RO         4302    .text               c_w.l(heapauxi.o)
    0x08000484   0x08000484   0x00000002   Code   RO         4390    .text               c_w.l(use_no_semi.o)
    0x08000486   0x08000486   0x000000ee   Code   RO         4393    .text               c_w.l(lludivv7m.o)
    0x08000574   0x08000574   0x00000016   Code   RO         4395    .text               c_w.l(_rserrno.o)
    0x0800058a   0x0800058a   0x000000b2   Code   RO         4397    .text               c_w.l(_printf_intcommon.o)
    0x0800063c   0x0800063c   0x0000041e   Code   RO         4399    .text               c_w.l(_printf_fp_dec.o)
    0x08000a5a   0x08000a5a   0x00000002   PAD
    0x08000a5c   0x08000a5c   0x00000024   Code   RO         4401    .text               c_w.l(_printf_char_file.o)
    0x08000a80   0x08000a80   0x00000044   Code   RO         4404    .text               c_w.l(rt_memclr.o)
    0x08000ac4   0x08000ac4   0x00000008   Code   RO         4470    .text               c_w.l(rt_locale_intlibspace.o)
    0x08000acc   0x08000acc   0x00000008   Code   RO         4475    .text               c_w.l(rt_errno_addr_intlibspace.o)
    0x08000ad4   0x08000ad4   0x0000008a   Code   RO         4477    .text               c_w.l(lludiv10.o)
    0x08000b5e   0x08000b5e   0x00000002   PAD
    0x08000b60   0x08000b60   0x00000030   Code   RO         4479    .text               c_w.l(_printf_char_common.o)
    0x08000b90   0x08000b90   0x00000080   Code   RO         4481    .text               c_w.l(_printf_fp_infnan.o)
    0x08000c10   0x08000c10   0x000000e4   Code   RO         4483    .text               c_w.l(bigflt0.o)
    0x08000cf4   0x08000cf4   0x00000008   Code   RO         4508    .text               c_w.l(ferror.o)
    0x08000cfc   0x08000cfc   0x0000004e   Code   RO         4515    .text               c_w.l(rt_memclr_w.o)
    0x08000d4a   0x08000d4a   0x00000002   PAD
    0x08000d4c   0x08000d4c   0x00000008   Code   RO         4527    .text               c_w.l(libspace.o)
    0x08000d54   0x08000d54   0x0000004a   Code   RO         4530    .text               c_w.l(sys_stackheap_outer.o)
    0x08000d9e   0x08000d9e   0x00000012   Code   RO         4536    .text               c_w.l(exit.o)
    0x08000db0   0x08000db0   0x00000080   Code   RO         4538    .text               c_w.l(strcmpv7m.o)
    0x08000e30   0x08000e30   0x0000003e   Code   RO         4486    CL$$btod_d2e        c_w.l(btod.o)
    0x08000e6e   0x08000e6e   0x00000046   Code   RO         4488    CL$$btod_d2e_denorm_low  c_w.l(btod.o)
    0x08000eb4   0x08000eb4   0x00000060   Code   RO         4487    CL$$btod_d2e_norm_op1  c_w.l(btod.o)
    0x08000f14   0x08000f14   0x00000338   Code   RO         4496    CL$$btod_div_common  c_w.l(btod.o)
    0x0800124c   0x0800124c   0x000000dc   Code   RO         4493    CL$$btod_e2e        c_w.l(btod.o)
    0x08001328   0x08001328   0x0000002a   Code   RO         4490    CL$$btod_ediv       c_w.l(btod.o)
    0x08001352   0x08001352   0x0000002a   Code   RO         4489    CL$$btod_emul       c_w.l(btod.o)
    0x0800137c   0x0800137c   0x00000244   Code   RO         4495    CL$$btod_mult_common  c_w.l(btod.o)
    0x080015c0   0x080015c0   0x00000016   Code   RO          352    i.ADC_Cmd           stm32f10x_adc.o
    0x080015d6   0x080015d6   0x00000002   PAD
    0x080015d8   0x080015d8   0x0000005c   Code   RO          354    i.ADC_DeInit        stm32f10x_adc.o
    0x08001634   0x08001634   0x00000014   Code   RO          360    i.ADC_GetCalibrationStatus  stm32f10x_adc.o
    0x08001648   0x08001648   0x00000008   Code   RO          361    i.ADC_GetConversionValue  stm32f10x_adc.o
    0x08001650   0x08001650   0x00000012   Code   RO          363    i.ADC_GetFlagStatus  stm32f10x_adc.o
    0x08001662   0x08001662   0x00000014   Code   RO          366    i.ADC_GetResetCalibrationStatus  stm32f10x_adc.o
    0x08001676   0x08001676   0x00000002   PAD
    0x08001678   0x08001678   0x00000050   Code   RO          370    i.ADC_Init          stm32f10x_adc.o
    0x080016c8   0x080016c8   0x000000b8   Code   RO          374    i.ADC_RegularChannelConfig  stm32f10x_adc.o
    0x08001780   0x08001780   0x0000000a   Code   RO          375    i.ADC_ResetCalibration  stm32f10x_adc.o
    0x0800178a   0x0800178a   0x00000016   Code   RO          377    i.ADC_SoftwareStartConvCmd  stm32f10x_adc.o
    0x080017a0   0x080017a0   0x0000000a   Code   RO          379    i.ADC_StartCalibration  stm32f10x_adc.o
    0x080017aa   0x080017aa   0x00000002   PAD
    0x080017ac   0x080017ac   0x0000002c   Code   RO         4221    i.Balance_Motor_Init  motor.o
    0x080017d8   0x080017d8   0x000000ac   Code   RO         4222    i.Balance_PWM_Init  motor.o
    0x08001884   0x08001884   0x00000040   Code   RO         3383    i.Battery_Get       bsp_battery.o
    0x080018c4   0x080018c4   0x0000008c   Code   RO         3385    i.Battery_init      bsp_battery.o
    0x08001950   0x08001950   0x00000004   Code   RO          170    i.BusFault_Handler  stm32f10x_it.o
    0x08001954   0x08001954   0x0000009c   Code   RO         3422    i.Complementary_Filter_x  mpu6050.o
    0x080019f0   0x080019f0   0x0000009c   Code   RO         3423    i.Complementary_Filter_y  mpu6050.o
    0x08001a8c   0x08001a8c   0x00000028   Code   RO         3277    i.DIY_NVIC_PriorityGroupConfig  bsp.o
    0x08001ab4   0x08001ab4   0x00000088   Code   RO         3424    i.DMP_Init          mpu6050.o
    0x08001b3c   0x08001b3c   0x00000002   Code   RO          171    i.DebugMon_Handler  stm32f10x_it.o
    0x08001b3e   0x08001b3e   0x00000002   PAD
    0x08001b40   0x08001b40   0x00000028   Code   RO            1    i.EXTI15_10_IRQHandler  main.o
    0x08001b68   0x08001b68   0x00000094   Code   RO         1113    i.EXTI_Init         stm32f10x_exti.o
    0x08001bfc   0x08001bfc   0x0000009c   Code   RO         4171    i.Encoder_Init_TIM3  encoder.o
    0x08001c98   0x08001c98   0x0000009c   Code   RO         4172    i.Encoder_Init_TIM4  encoder.o
    0x08001d34   0x08001d34   0x00000040   Code   RO         1458    i.GPIO_EXTILineConfig  stm32f10x_gpio.o
    0x08001d74   0x08001d74   0x00000116   Code   RO         1461    i.GPIO_Init         stm32f10x_gpio.o
    0x08001e8a   0x08001e8a   0x00000002   PAD
    0x08001e8c   0x08001e8c   0x0000001c   Code   RO         3386    i.Get_Battery_Volotage  bsp_battery.o
    0x08001ea8   0x08001ea8   0x00000024   Code   RO         3387    i.Get_Measure_Volotage  bsp_battery.o
    0x08001ecc   0x08001ecc   0x00000004   Code   RO          172    i.HardFault_Handler  stm32f10x_it.o
    0x08001ed0   0x08001ed0   0x00000046   Code   RO         3586    i.I2C_ReadOneByte   ioi2c.o
    0x08001f16   0x08001f16   0x00000002   PAD
    0x08001f18   0x08001f18   0x0000004c   Code   RO         3587    i.IIC_Ack           ioi2c.o
    0x08001f64   0x08001f64   0x0000002c   Code   RO         3588    i.IIC_MPU6050_Init  ioi2c.o
    0x08001f90   0x08001f90   0x0000004c   Code   RO         3589    i.IIC_NAck          ioi2c.o
    0x08001fdc   0x08001fdc   0x00000070   Code   RO         3590    i.IIC_Read_Byte     ioi2c.o
    0x0800204c   0x0800204c   0x00000064   Code   RO         3591    i.IIC_Send_Byte     ioi2c.o
    0x080020b0   0x080020b0   0x00000068   Code   RO         3592    i.IIC_Start         ioi2c.o
    0x08002118   0x08002118   0x00000048   Code   RO         3593    i.IIC_Stop          ioi2c.o
    0x08002160   0x08002160   0x00000068   Code   RO         3594    i.IIC_Wait_Ack      ioi2c.o
    0x080021c8   0x080021c8   0x00000016   Code   RO         3595    i.IICreadByte       ioi2c.o
    0x080021de   0x080021de   0x00000040   Code   RO         3597    i.IICwriteBit       ioi2c.o
    0x0800221e   0x0800221e   0x0000006a   Code   RO         3598    i.IICwriteBits      ioi2c.o
    0x08002288   0x08002288   0x00000014   Code   RO         3599    i.IICwriteByte      ioi2c.o
    0x0800229c   0x0800229c   0x00000046   Code   RO         3600    i.IICwriteBytes     ioi2c.o
    0x080022e2   0x080022e2   0x00000002   PAD
    0x080022e4   0x080022e4   0x00000030   Code   RO         3278    i.JTAG_Set          bsp.o
    0x08002314   0x08002314   0x000002b8   Code   RO         3425    i.KF_X              mpu6050.o
    0x080025cc   0x080025cc   0x000002b8   Code   RO         3426    i.KF_Y              mpu6050.o
    0x08002884   0x08002884   0x00000070   Code   RO         3427    i.MPU6050_EXTI_Init  mpu6050.o
    0x080028f4   0x080028f4   0x00000018   Code   RO         3428    i.MPU6050_Init      mpu6050.o
    0x0800290c   0x0800290c   0x000003e0   Code   RO         3429    i.MPU6050_getDate   mpu6050.o
    0x08002cec   0x08002cec   0x00000028   Code   RO         3431    i.MPU6050_initialize  mpu6050.o
    0x08002d14   0x08002d14   0x00000014   Code   RO         3433    i.MPU6050_setClockSource  mpu6050.o
    0x08002d28   0x08002d28   0x00000014   Code   RO         3434    i.MPU6050_setFullScaleAccelRange  mpu6050.o
    0x08002d3c   0x08002d3c   0x00000014   Code   RO         3435    i.MPU6050_setFullScaleGyroRange  mpu6050.o
    0x08002d50   0x08002d50   0x00000012   Code   RO         3436    i.MPU6050_setI2CBypassEnabled  mpu6050.o
    0x08002d62   0x08002d62   0x00000012   Code   RO         3437    i.MPU6050_setI2CMasterModeEnabled  mpu6050.o
    0x08002d74   0x08002d74   0x00000012   Code   RO         3438    i.MPU6050_setSleepEnabled  mpu6050.o
    0x08002d86   0x08002d86   0x00000004   Code   RO          173    i.MemManage_Handler  stm32f10x_it.o
    0x08002d8a   0x08002d8a   0x00000002   Code   RO          174    i.NMI_Handler       stm32f10x_it.o
    0x08002d8c   0x08002d8c   0x00000070   Code   RO          310    i.NVIC_Init         misc.o
    0x08002dfc   0x08002dfc   0x00000002   Code   RO          175    i.PendSV_Handler    stm32f10x_it.o
    0x08002dfe   0x08002dfe   0x00000002   PAD
    0x08002e00   0x08002e00   0x00000018   Code   RO         1875    i.RCC_ADCCLKConfig  stm32f10x_rcc.o
    0x08002e18   0x08002e18   0x00000020   Code   RO         1877    i.RCC_APB1PeriphClockCmd  stm32f10x_rcc.o
    0x08002e38   0x08002e38   0x00000020   Code   RO         1878    i.RCC_APB1PeriphResetCmd  stm32f10x_rcc.o
    0x08002e58   0x08002e58   0x00000020   Code   RO         1879    i.RCC_APB2PeriphClockCmd  stm32f10x_rcc.o
    0x08002e78   0x08002e78   0x00000020   Code   RO         1880    i.RCC_APB2PeriphResetCmd  stm32f10x_rcc.o
    0x08002e98   0x08002e98   0x000000d4   Code   RO         1887    i.RCC_GetClocksFreq  stm32f10x_rcc.o
    0x08002f6c   0x08002f6c   0x00000288   Code   RO         3440    i.Read_DMP          mpu6050.o
    0x080031f4   0x080031f4   0x00000038   Code   RO         4174    i.Read_Encoder      encoder.o
    0x0800322c   0x0800322c   0x00000002   Code   RO          176    i.SVC_Handler       stm32f10x_it.o
    0x0800322e   0x0800322e   0x00000008   Code   RO          276    i.SetSysClock       system_stm32f10x.o
    0x08003236   0x08003236   0x00000002   PAD
    0x08003238   0x08003238   0x000000e0   Code   RO          277    i.SetSysClockTo72   system_stm32f10x.o
    0x08003318   0x08003318   0x0000006c   Code   RO         4225    i.Set_Pwm           motor.o
    0x08003384   0x08003384   0x00000028   Code   RO          314    i.SysTick_CLKSourceConfig  misc.o
    0x080033ac   0x080033ac   0x00000002   Code   RO          177    i.SysTick_Handler   stm32f10x_it.o
    0x080033ae   0x080033ae   0x00000002   PAD
    0x080033b0   0x080033b0   0x00000060   Code   RO          279    i.SystemInit        system_stm32f10x.o
    0x08003410   0x08003410   0x00000080   Code   RO         2495    i.TI1_Config        stm32f10x_tim.o
    0x08003490   0x08003490   0x00000098   Code   RO         2496    i.TI2_Config        stm32f10x_tim.o
    0x08003528   0x08003528   0x00000090   Code   RO         2497    i.TI3_Config        stm32f10x_tim.o
    0x080035b8   0x080035b8   0x00000098   Code   RO         2498    i.TI4_Config        stm32f10x_tim.o
    0x08003650   0x08003650   0x00000018   Code   RO         4175    i.TIM3_IRQHandler   encoder.o
    0x08003668   0x08003668   0x00000018   Code   RO         4176    i.TIM4_IRQHandler   encoder.o
    0x08003680   0x08003680   0x00000018   Code   RO         2499    i.TIM_ARRPreloadConfig  stm32f10x_tim.o
    0x08003698   0x08003698   0x00000006   Code   RO         2505    i.TIM_ClearFlag     stm32f10x_tim.o
    0x0800369e   0x0800369e   0x00000018   Code   RO         2511    i.TIM_Cmd           stm32f10x_tim.o
    0x080036b6   0x080036b6   0x0000001e   Code   RO         2513    i.TIM_CtrlPWMOutputs  stm32f10x_tim.o
    0x080036d4   0x080036d4   0x000001e8   Code   RO         2516    i.TIM_DeInit        stm32f10x_tim.o
    0x080038bc   0x080038bc   0x00000042   Code   RO         2520    i.TIM_EncoderInterfaceConfig  stm32f10x_tim.o
    0x080038fe   0x080038fe   0x00000002   PAD
    0x08003900   0x08003900   0x000000ac   Code   RO         2534    i.TIM_ICInit        stm32f10x_tim.o
    0x080039ac   0x080039ac   0x00000012   Code   RO         2535    i.TIM_ICStructInit  stm32f10x_tim.o
    0x080039be   0x080039be   0x00000012   Code   RO         2536    i.TIM_ITConfig      stm32f10x_tim.o
    0x080039d0   0x080039d0   0x00000098   Code   RO         2540    i.TIM_OC1Init       stm32f10x_tim.o
    0x08003a68   0x08003a68   0x00000012   Code   RO         2543    i.TIM_OC1PreloadConfig  stm32f10x_tim.o
    0x08003a7a   0x08003a7a   0x00000002   PAD
    0x08003a7c   0x08003a7c   0x000000a4   Code   RO         2545    i.TIM_OC2Init       stm32f10x_tim.o
    0x08003b20   0x08003b20   0x0000001a   Code   RO         2548    i.TIM_OC2PreloadConfig  stm32f10x_tim.o
    0x08003b3a   0x08003b3a   0x00000002   PAD
    0x08003b3c   0x08003b3c   0x000000a0   Code   RO         2550    i.TIM_OC3Init       stm32f10x_tim.o
    0x08003bdc   0x08003bdc   0x00000012   Code   RO         2553    i.TIM_OC3PreloadConfig  stm32f10x_tim.o
    0x08003bee   0x08003bee   0x00000002   PAD
    0x08003bf0   0x08003bf0   0x0000007c   Code   RO         2555    i.TIM_OC4Init       stm32f10x_tim.o
    0x08003c6c   0x08003c6c   0x0000001a   Code   RO         2557    i.TIM_OC4PreloadConfig  stm32f10x_tim.o
    0x08003c86   0x08003c86   0x00000004   Code   RO         2576    i.TIM_SetCounter    stm32f10x_tim.o
    0x08003c8a   0x08003c8a   0x00000012   Code   RO         2577    i.TIM_SetIC1Prescaler  stm32f10x_tim.o
    0x08003c9c   0x08003c9c   0x0000001a   Code   RO         2578    i.TIM_SetIC2Prescaler  stm32f10x_tim.o
    0x08003cb6   0x08003cb6   0x00000012   Code   RO         2579    i.TIM_SetIC3Prescaler  stm32f10x_tim.o
    0x08003cc8   0x08003cc8   0x0000001a   Code   RO         2580    i.TIM_SetIC4Prescaler  stm32f10x_tim.o
    0x08003ce2   0x08003ce2   0x00000002   PAD
    0x08003ce4   0x08003ce4   0x000000a4   Code   RO         2582    i.TIM_TimeBaseInit  stm32f10x_tim.o
    0x08003d88   0x08003d88   0x00000012   Code   RO         2583    i.TIM_TimeBaseStructInit  stm32f10x_tim.o
    0x08003d9a   0x08003d9a   0x00000002   PAD
    0x08003d9c   0x08003d9c   0x00000024   Code   RO         3308    i.USART1_IRQHandler  usart.o
    0x08003dc0   0x08003dc0   0x00000020   Code   RO         3310    i.USART1_Send_U8    usart.o
    0x08003de0   0x08003de0   0x00000018   Code   RO         3047    i.USART_Cmd         stm32f10x_usart.o
    0x08003df8   0x08003df8   0x0000001a   Code   RO         3050    i.USART_GetFlagStatus  stm32f10x_usart.o
    0x08003e12   0x08003e12   0x00000054   Code   RO         3051    i.USART_GetITStatus  stm32f10x_usart.o
    0x08003e66   0x08003e66   0x0000004a   Code   RO         3053    i.USART_ITConfig    stm32f10x_usart.o
    0x08003eb0   0x08003eb0   0x000000d8   Code   RO         3054    i.USART_Init        stm32f10x_usart.o
    0x08003f88   0x08003f88   0x0000000a   Code   RO         3061    i.USART_ReceiveData  stm32f10x_usart.o
    0x08003f92   0x08003f92   0x00000008   Code   RO         3064    i.USART_SendData    stm32f10x_usart.o
    0x08003f9a   0x08003f9a   0x00000004   Code   RO          178    i.UsageFault_Handler  stm32f10x_it.o
    0x08003f9e   0x08003f9e   0x00000028   Code   RO         4435    i.__ARM_fpclassify  m_ws.l(fpclassify.o)
    0x08003fc6   0x08003fc6   0x000000aa   Code   RO         4437    i.__kernel_poly     m_ws.l(poly.o)
    0x08004070   0x08004070   0x00000006   Code   RO         4422    i.__mathlib_dbl_infnan  m_ws.l(dunder.o)
    0x08004076   0x08004076   0x00000004   Code   RO         4423    i.__mathlib_dbl_infnan2  m_ws.l(dunder.o)
    0x0800407a   0x0800407a   0x0000000c   Code   RO         4424    i.__mathlib_dbl_invalid  m_ws.l(dunder.o)
    0x08004086   0x08004086   0x00000002   PAD
    0x08004088   0x08004088   0x00000010   Code   RO         4427    i.__mathlib_dbl_underflow  m_ws.l(dunder.o)
    0x08004098   0x08004098   0x0000000e   Code   RO         4285    i._is_digit         c_w.l(__printf_wp.o)
    0x080040a6   0x080040a6   0x00000004   Code   RO         3311    i._sys_exit         usart.o
    0x080040aa   0x080040aa   0x00000002   PAD
    0x080040ac   0x080040ac   0x000000ac   Code   RO         3701    i.accel_self_test   inv_mpu.o
    0x08004158   0x08004158   0x00000270   Code   RO         4363    i.asin              m_ws.l(asin.o)
    0x080043c8   0x080043c8   0x00000220   Code   RO         4373    i.atan              m_ws.l(atan.o)
    0x080045e8   0x080045e8   0x0000019c   Code   RO         4383    i.atan2             m_ws.l(atan2.o)
    0x08004784   0x08004784   0x0000003c   Code   RO         3279    i.bsp_init          bsp.o
    0x080047c0   0x080047c0   0x0000012c   Code   RO          233    i.calc_angle        angle.o
    0x080048ec   0x080048ec   0x00000064   Code   RO         3991    i.decode_gesture    inv_mpu_dmp_motion_driver.o
    0x08004950   0x08004950   0x0000004c   Code   RO         3357    i.delay_init        delay.o
    0x0800499c   0x0800499c   0x0000003c   Code   RO         3358    i.delay_ms          delay.o
    0x080049d8   0x080049d8   0x0000003c   Code   RO         3359    i.delay_us          delay.o
    0x08004a14   0x08004a14   0x0000003c   Code   RO         3992    i.dmp_enable_6x_lp_quat  inv_mpu_dmp_motion_driver.o
    0x08004a50   0x08004a50   0x0000021c   Code   RO         3993    i.dmp_enable_feature  inv_mpu_dmp_motion_driver.o
    0x08004c6c   0x08004c6c   0x00000058   Code   RO         3994    i.dmp_enable_gyro_cal  inv_mpu_dmp_motion_driver.o
    0x08004cc4   0x08004cc4   0x0000003c   Code   RO         3995    i.dmp_enable_lp_quat  inv_mpu_dmp_motion_driver.o
    0x08004d00   0x08004d00   0x00000018   Code   RO         4000    i.dmp_load_motion_driver_firmware  inv_mpu_dmp_motion_driver.o
    0x08004d18   0x08004d18   0x000001cc   Code   RO         4001    i.dmp_read_fifo     inv_mpu_dmp_motion_driver.o
    0x08004ee4   0x08004ee4   0x00000130   Code   RO         4004    i.dmp_set_accel_bias  inv_mpu_dmp_motion_driver.o
    0x08005014   0x08005014   0x00000070   Code   RO         4005    i.dmp_set_fifo_rate  inv_mpu_dmp_motion_driver.o
    0x08005084   0x08005084   0x00000130   Code   RO         4006    i.dmp_set_gyro_bias  inv_mpu_dmp_motion_driver.o
    0x080051b4   0x080051b4   0x00000138   Code   RO         4008    i.dmp_set_orientation  inv_mpu_dmp_motion_driver.o
    0x080052ec   0x080052ec   0x00000038   Code   RO         4011    i.dmp_set_shake_reject_thresh  inv_mpu_dmp_motion_driver.o
    0x08005324   0x08005324   0x00000026   Code   RO         4012    i.dmp_set_shake_reject_time  inv_mpu_dmp_motion_driver.o
    0x0800534a   0x0800534a   0x00000026   Code   RO         4013    i.dmp_set_shake_reject_timeout  inv_mpu_dmp_motion_driver.o
    0x08005370   0x08005370   0x00000046   Code   RO         4014    i.dmp_set_tap_axes  inv_mpu_dmp_motion_driver.o
    0x080053b6   0x080053b6   0x00000026   Code   RO         4015    i.dmp_set_tap_count  inv_mpu_dmp_motion_driver.o
    0x080053dc   0x080053dc   0x000001a0   Code   RO         4016    i.dmp_set_tap_thresh  inv_mpu_dmp_motion_driver.o
    0x0800557c   0x0800557c   0x00000026   Code   RO         4017    i.dmp_set_tap_time  inv_mpu_dmp_motion_driver.o
    0x080055a2   0x080055a2   0x00000026   Code   RO         4018    i.dmp_set_tap_time_multi  inv_mpu_dmp_motion_driver.o
    0x080055c8   0x080055c8   0x0000001c   Code   RO         3312    i.fputc             usart.o
    0x080055e4   0x080055e4   0x000000b4   Code   RO         3702    i.get_accel_prod_shift  inv_mpu.o
    0x08005698   0x08005698   0x0000046c   Code   RO         3703    i.get_st_biases     inv_mpu.o
    0x08005b04   0x08005b04   0x00000118   Code   RO         3704    i.gyro_self_test    inv_mpu.o
    0x08005c1c   0x08005c1c   0x00000076   Code   RO         3601    i.i2cRead           ioi2c.o
    0x08005c92   0x08005c92   0x00000060   Code   RO         3602    i.i2cWrite          ioi2c.o
    0x08005cf2   0x08005cf2   0x00000028   Code   RO         3442    i.inv_orientation_matrix_to_scalar  mpu6050.o
    0x08005d1a   0x08005d1a   0x0000004e   Code   RO         3443    i.inv_row_2_scale   mpu6050.o
    0x08005d68   0x08005d68   0x00000084   Code   RO            2    i.main              main.o
    0x08005dec   0x08005dec   0x00000070   Code   RO         3705    i.mpu_configure_fifo  inv_mpu.o
    0x08005e5c   0x08005e5c   0x0000004c   Code   RO         3706    i.mpu_get_accel_fsr  inv_mpu.o
    0x08005ea8   0x08005ea8   0x00000054   Code   RO         3708    i.mpu_get_accel_sens  inv_mpu.o
    0x08005efc   0x08005efc   0x00000010   Code   RO         3713    i.mpu_get_fifo_config  inv_mpu.o
    0x08005f0c   0x08005f0c   0x00000044   Code   RO         3714    i.mpu_get_gyro_fsr  inv_mpu.o
    0x08005f50   0x08005f50   0x00000050   Code   RO         3716    i.mpu_get_gyro_sens  inv_mpu.o
    0x08005fa0   0x08005fa0   0x00000050   Code   RO         3718    i.mpu_get_lpf       inv_mpu.o
    0x08005ff0   0x08005ff0   0x00000020   Code   RO         3720    i.mpu_get_sample_rate  inv_mpu.o
    0x08006010   0x08006010   0x000001f0   Code   RO         3722    i.mpu_init          inv_mpu.o
    0x08006200   0x08006200   0x000000b8   Code   RO         3723    i.mpu_load_firmware  inv_mpu.o
    0x080062b8   0x080062b8   0x000000e0   Code   RO         3724    i.mpu_lp_accel_mode  inv_mpu.o
    0x08006398   0x08006398   0x000000c0   Code   RO         3727    i.mpu_read_fifo_stream  inv_mpu.o
    0x08006458   0x08006458   0x00000080   Code   RO         3728    i.mpu_read_mem      inv_mpu.o
    0x080064d8   0x080064d8   0x000001bc   Code   RO         3731    i.mpu_reset_fifo    inv_mpu.o
    0x08006694   0x08006694   0x0000011c   Code   RO         3732    i.mpu_run_self_test  inv_mpu.o
    0x080067b0   0x080067b0   0x00000084   Code   RO         3734    i.mpu_set_accel_fsr  inv_mpu.o
    0x08006834   0x08006834   0x0000014c   Code   RO         3735    i.mpu_set_bypass    inv_mpu.o
    0x08006980   0x08006980   0x00000090   Code   RO         3737    i.mpu_set_dmp_state  inv_mpu.o
    0x08006a10   0x08006a10   0x00000088   Code   RO         3738    i.mpu_set_gyro_fsr  inv_mpu.o
    0x08006a98   0x08006a98   0x0000006c   Code   RO         3739    i.mpu_set_int_latched  inv_mpu.o
    0x08006b04   0x08006b04   0x00000084   Code   RO         3741    i.mpu_set_lpf       inv_mpu.o
    0x08006b88   0x08006b88   0x0000009c   Code   RO         3742    i.mpu_set_sample_rate  inv_mpu.o
    0x08006c24   0x08006c24   0x000000d0   Code   RO         3743    i.mpu_set_sensors   inv_mpu.o
    0x08006cf4   0x08006cf4   0x00000080   Code   RO         3744    i.mpu_write_mem     inv_mpu.o
    0x08006d74   0x08006d74   0x000000c0   Code   RO         3444    i.mul               mpu6050.o
    0x08006e34   0x08006e34   0x00000002   Code   RO         3745    i.myget_ms          inv_mpu.o
    0x08006e36   0x08006e36   0x00000090   Code   RO         3445    i.run_self_test     mpu6050.o
    0x08006ec6   0x08006ec6   0x00000002   PAD
    0x08006ec8   0x08006ec8   0x00000090   Code   RO         3746    i.set_int_enable    inv_mpu.o
    0x08006f58   0x08006f58   0x0000004c   Code   RO         4441    i.sqrt              m_ws.l(sqrt.o)
    0x08006fa4   0x08006fa4   0x000000a0   Code   RO         3313    i.uart_init         usart.o
    0x08007044   0x08007044   0x0000002c   Code   RO         4513    locale$$code        c_w.l(lc_numeric_c.o)
    0x08007070   0x08007070   0x00000062   Code   RO         4306    x$fpl$d2f           fz_ws.l(d2f.o)
    0x080070d2   0x080070d2   0x00000002   PAD
    0x080070d4   0x080070d4   0x00000150   Code   RO         4308    x$fpl$dadd          fz_ws.l(daddsub_clz.o)
    0x08007224   0x08007224   0x00000010   Code   RO         4517    x$fpl$dcheck1       fz_ws.l(dcheck1.o)
    0x08007234   0x08007234   0x00000018   Code   RO         4519    x$fpl$dcmpinf       fz_ws.l(dcmpi.o)
    0x0800724c   0x0800724c   0x000002b0   Code   RO         4315    x$fpl$ddiv          fz_ws.l(ddiv.o)
    0x080074fc   0x080074fc   0x00000078   Code   RO         4406    x$fpl$deqf          fz_ws.l(deqf.o)
    0x08007574   0x08007574   0x00000154   Code   RO         4324    x$fpl$dmul          fz_ws.l(dmul.o)
    0x080076c8   0x080076c8   0x0000009c   Code   RO         4408    x$fpl$dnaninf       fz_ws.l(dnaninf.o)
    0x08007764   0x08007764   0x0000000c   Code   RO         4410    x$fpl$dretinf       fz_ws.l(dretinf.o)
    0x08007770   0x08007770   0x00000016   Code   RO         4309    x$fpl$drsb          fz_ws.l(daddsub_clz.o)
    0x08007786   0x08007786   0x00000002   PAD
    0x08007788   0x08007788   0x000001cc   Code   RO         4523    x$fpl$dsqrt         fz_ws.l(dsqrt_noumaal.o)
    0x08007954   0x08007954   0x000001d4   Code   RO         4310    x$fpl$dsub          fz_ws.l(daddsub_clz.o)
    0x08007b28   0x08007b28   0x00000056   Code   RO         4326    x$fpl$f2d           fz_ws.l(f2d.o)
    0x08007b7e   0x08007b7e   0x00000002   PAD
    0x08007b80   0x08007b80   0x000000c4   Code   RO         4328    x$fpl$fadd          fz_ws.l(faddsub_clz.o)
    0x08007c44   0x08007c44   0x00000018   Code   RO         4412    x$fpl$fcmpinf       fz_ws.l(fcmpi.o)
    0x08007c5c   0x08007c5c   0x00000184   Code   RO         4335    x$fpl$fdiv          fz_ws.l(fdiv.o)
    0x08007de0   0x08007de0   0x00000068   Code   RO         4338    x$fpl$feqf          fz_ws.l(feqf.o)
    0x08007e48   0x08007e48   0x00000036   Code   RO         4340    x$fpl$ffix          fz_ws.l(ffix.o)
    0x08007e7e   0x08007e7e   0x00000002   PAD
    0x08007e80   0x08007e80   0x0000003e   Code   RO         4344    x$fpl$ffixu         fz_ws.l(ffixu.o)
    0x08007ebe   0x08007ebe   0x00000002   PAD
    0x08007ec0   0x08007ec0   0x00000030   Code   RO         4349    x$fpl$fflt          fz_ws.l(fflt_clz.o)
    0x08007ef0   0x08007ef0   0x00000026   Code   RO         4348    x$fpl$ffltu         fz_ws.l(fflt_clz.o)
    0x08007f16   0x08007f16   0x00000002   PAD
    0x08007f18   0x08007f18   0x00000068   Code   RO         4354    x$fpl$fleqf         fz_ws.l(fleqf.o)
    0x08007f80   0x08007f80   0x00000102   Code   RO         4356    x$fpl$fmul          fz_ws.l(fmul.o)
    0x08008082   0x08008082   0x0000008c   Code   RO         4414    x$fpl$fnaninf       fz_ws.l(fnaninf.o)
    0x0800810e   0x0800810e   0x0000000a   Code   RO         4416    x$fpl$fretinf       fz_ws.l(fretinf.o)
    0x08008118   0x08008118   0x00000062   Code   RO         4358    x$fpl$frleqf        fz_ws.l(frleqf.o)
    0x0800817a   0x0800817a   0x00000002   PAD
    0x0800817c   0x0800817c   0x000000ea   Code   RO         4330    x$fpl$fsub          fz_ws.l(faddsub_clz.o)
    0x08008266   0x08008266   0x00000004   Code   RO         4360    x$fpl$printf1       fz_ws.l(printf1.o)
    0x0800826a   0x0800826a   0x00000064   Code   RO         4591    x$fpl$retnan        fz_ws.l(retnan.o)
    0x080082ce   0x080082ce   0x0000005c   Code   RO         4418    x$fpl$scalbn        fz_ws.l(scalbn.o)
    0x0800832a   0x0800832a   0x00000030   Code   RO         4603    x$fpl$trapveneer    fz_ws.l(trapv.o)
    0x0800835a   0x0800835a   0x00000000   Code   RO         4420    x$fpl$usenofp       fz_ws.l(usenofp.o)
    0x0800835a   0x0800835a   0x00000002   PAD
    0x0800835c   0x0800835c   0x000000b8   Data   RO         3447    .constdata          mpu6050.o
    0x08008414   0x08008414   0x00000050   Data   RO         3747    .constdata          inv_mpu.o
    0x08008464   0x08008464   0x00000bf6   Data   RO         4020    .constdata          inv_mpu_dmp_motion_driver.o
    0x0800905a   0x0800905a   0x00000006   PAD
    0x08009060   0x08009060   0x00000050   Data   RO         4364    .constdata          m_ws.l(asin.o)
    0x080090b0   0x080090b0   0x00000098   Data   RO         4374    .constdata          m_ws.l(atan.o)
    0x08009148   0x08009148   0x00000008   Data   RO         4439    .constdata          m_ws.l(qnan.o)
    0x08009150   0x08009150   0x00000094   Data   RO         4484    .constdata          c_w.l(bigflt0.o)
    0x080091e4   0x080091e4   0x0000004e   Data   RO         3748    .conststring        inv_mpu.o
    0x08009232   0x08009232   0x00000002   PAD
    0x08009234   0x08009234   0x00000020   Data   RO         4676    Region$$Table       anon$$obj.o
    0x08009254   0x08009254   0x0000001c   Data   RO         4512    locale$$data        c_w.l(lc_numeric_c.o)


    Execution Region RW_IRAM1 (Exec base: 0x20000000, Load base: 0x08009270, Size: 0x00000868, Max: 0x0000c000, ABSOLUTE)

    Exec Addr    Load Addr    Size         Type   Attr      Idx    E Section Name        Object

    0x20000000   0x08009270   0x00000004   Data   RW            3    .data               main.o
    0x20000004   0x08009274   0x00000004   Data   RW          234    .data               angle.o
    0x20000008   0x08009278   0x00000014   Data   RW          280    .data               system_stm32f10x.o
    0x2000001c   0x0800928c   0x00000014   Data   RW         1907    .data               stm32f10x_rcc.o
    0x20000030   0x080092a0   0x00000004   Data   RW         3314    .data               usart.o
    0x20000034   0x080092a4   0x00000004   Data   RW         3360    .data               delay.o
    0x20000038   0x080092a8   0x00000094   Data   RW         3448    .data               mpu6050.o
    0x200000cc   0x0800933c   0x0000002c   Data   RW         3749    .data               inv_mpu.o
    0x200000f8        -       0x000000fc   Zero   RW         3446    .bss                mpu6050.o
    0x200001f4        -       0x00000010   Zero   RW         4019    .bss                inv_mpu_dmp_motion_driver.o
    0x20000204        -       0x00000060   Zero   RW         4528    .bss                c_w.l(libspace.o)
    0x20000264   0x08009368   0x00000004   PAD
    0x20000268        -       0x00000200   Zero   RW          270    HEAP                startup_stm32f10x_hd.o
    0x20000468        -       0x00000400   Zero   RW          269    STACK               startup_stm32f10x_hd.o


==============================================================================

Image component sizes


      Code (inc. data)   RO Data    RW Data    ZI Data      Debug   Object Name

       300         46          0          4          0        943   angle.o
       148         18          0          0          0       1401   bsp.o
       268         26          0          0          0       2165   bsp_battery.o
         0          0          0          0          0         32   core_cm3.o
       196         24          0          4          0       1631   delay.o
       416         36          0          0          0       3231   encoder.o
      5886        280        158         44          0      30833   inv_mpu.o
      3096        122       3062          0         16      19990   inv_mpu_dmp_motion_driver.o
      1254         92          0          0          0      10575   ioi2c.o
       172         40          0          4          0     266461   main.o
       152         12          0          0          0       1538   misc.o
       324         14          0          0          0       1734   motor.o
      4224        228        184        148        252      30983   mpu6050.o
        64         26        304          0       1536        788   startup_stm32f10x_hd.o
       486         24          0          0          0       8242   stm32f10x_adc.o
       148          6          0          0          0       1012   stm32f10x_exti.o
       342          4          0          0          0       2578   stm32f10x_gpio.o
        26          0          0          0          0       3546   stm32f10x_it.o
       364         50          0         20          0       5947   stm32f10x_rcc.o
      2384        264          0          0          0      17344   stm32f10x_tim.o
       442          6          0          0          0       5973   stm32f10x_usart.o
       328         28          0         20          0       2201   system_stm32f10x.o
       260         20          0          4          0       4411   usart.o

    ----------------------------------------------------------------------
     21316       1366       3748        248       1804     423559   Object Totals
         0          0         32          0          0          0   (incl. Generated)
        36          0          8          0          0          0   (incl. Padding)

    ----------------------------------------------------------------------

      Code (inc. data)   RO Data    RW Data    ZI Data      Debug   Library Member Name

         8          0          0          0          0         68   __main.o
       284          0          0          0          0        156   __printf_wp.o
         0          0          0          0          0          0   __rtentry.o
        12          0          0          0          0          0   __rtentry2.o
         6          0          0          0          0          0   __rtentry4.o
        52          8          0          0          0          0   __scatter.o
        26          0          0          0          0          0   __scatter_copy.o
        28          0          0          0          0          0   __scatter_zi.o
        48          6          0          0          0         96   _printf_char_common.o
        36          4          0          0          0         80   _printf_char_file.o
         6          0          0          0          0          0   _printf_d.o
       120         16          0          0          0         92   _printf_dec.o
         6          0          0          0          0          0   _printf_f.o
      1054          0          0          0          0        216   _printf_fp_dec.o
       128         16          0          0          0         84   _printf_fp_infnan.o
       178          0          0          0          0         88   _printf_intcommon.o
         0          0          0          0          0          0   _printf_percent.o
         4          0          0          0          0          0   _printf_percent_end.o
        22          0          0          0          0        100   _rserrno.o
        16          0          0          0          0         68   aeabi_memset.o
       228          4        148          0          0         96   bigflt0.o
      1936        128          0          0          0        672   btod.o
        18          0          0          0          0         80   exit.o
         8          0          0          0          0         68   ferror.o
         6          0          0          0          0        152   heapauxi.o
        44         10         28          0          0         76   lc_numeric_c.o
         2          0          0          0          0          0   libinit.o
        18          0          0          0          0          0   libinit2.o
         2          0          0          0          0          0   libshutdown.o
         2          0          0          0          0          0   libshutdown2.o
         8          4          0          0         96         68   libspace.o
        72          0          0          0          0         76   llsdiv.o
       138          0          0          0          0         80   lludiv10.o
       238          0          0          0          0        100   lludivv7m.o
        88          0          0          0          0         76   memcmp.o
        24          4          0          0          0         84   noretval__2printf.o
         8          4          0          0          0         68   rt_errno_addr_intlibspace.o
         8          4          0          0          0         68   rt_locale_intlibspace.o
        68          0          0          0          0         68   rt_memclr.o
        78          0          0          0          0         80   rt_memclr_w.o
         2          0          0          0          0          0   rtexit.o
        10          0          0          0          0          0   rtexit2.o
       128          0          0          0          0         68   strcmpv7m.o
        74          0          0          0          0         80   sys_stackheap_outer.o
         2          0          0          0          0         68   use_no_semi.o
         2          0          0          0          0         68   use_no_semi_2.o
        98          4          0          0          0         92   d2f.o
       826         16          0          0          0        348   daddsub_clz.o
        16          4          0          0          0         68   dcheck1.o
        24          0          0          0          0         68   dcmpi.o
       688        140          0          0          0        208   ddiv.o
       120          4          0          0          0         92   deqf.o
       340         12          0          0          0        104   dmul.o
       156          4          0          0          0         92   dnaninf.o
        12          0          0          0          0         68   dretinf.o
       460         56          0          0          0        120   dsqrt_noumaal.o
        86          4          0          0          0         84   f2d.o
       430          8          0          0          0        168   faddsub_clz.o
        24          0          0          0          0         68   fcmpi.o
       388         76          0          0          0         96   fdiv.o
       104          4          0          0          0         84   feqf.o
        54          4          0          0          0         84   ffix.o
        62          4          0          0          0         84   ffixu.o
        86          0          0          0          0        136   fflt_clz.o
       104          4          0          0          0         84   fleqf.o
       258          4          0          0          0         84   fmul.o
       140          4          0          0          0         84   fnaninf.o
        10          0          0          0          0         68   fretinf.o
        98          0          0          0          0         68   frleqf.o
         4          0          0          0          0         68   printf1.o
       100          0          0          0          0         68   retnan.o
        92          0          0          0          0         68   scalbn.o
        48          0          0          0          0         68   trapv.o
         0          0          0          0          0          0   usenofp.o
       624         52         80          0          0        168   asin.o
       544         70        152          0          0        124   atan.o
       412         38          0          0          0        144   atan2.o
        38          6          0          0          0        272   dunder.o
        40          0          0          0          0         68   fpclassify.o
       170          0          0          0          0         96   poly.o
         0          0          8          0          0          0   qnan.o
        76          0          0          0          0         84   sqrt.o

    ----------------------------------------------------------------------
     12008        726        416          0        100       6924   Library Totals
        30          0          0          0          4          0   (incl. Padding)

    ----------------------------------------------------------------------

      Code (inc. data)   RO Data    RW Data    ZI Data      Debug   Library Name

      5246        208        176          0         96       3244   c_w.l
      4828        352          0          0          0       2724   fz_ws.l
      1904        166        240          0          0        956   m_ws.l

    ----------------------------------------------------------------------
     12008        726        416          0        100       6924   Library Totals

    ----------------------------------------------------------------------

==============================================================================


      Code (inc. data)   RO Data    RW Data    ZI Data      Debug   

     33324       2092       4164        248       1904     417427   Grand Totals
     33324       2092       4164        248       1904     417427   ELF Image Totals
     33324       2092       4164        248          0          0   ROM Totals

==============================================================================

    Total RO  Size (Code + RO Data)                37488 (  36.61kB)
    Total RW  Size (RW Data + ZI Data)              2152 (   2.10kB)
    Total ROM Size (Code + RO Data + RW Data)      37736 (  36.85kB)

==============================================================================

