<html>
<body>
<pre>
<h1>µVision Build Log</h1>
<h2>Tool Versions:</h2>
IDE-Version: µVision V5.42.0.0
Copyright (C) 2025 ARM Ltd and ARM Germany GmbH. All rights reserved.
License Information: Gara Wang, Perifural, LIC=JDA0P-MNMEI-D30M3-AG7C8-H2EW9-CYLGL
 
Tool Versions:
Toolchain:       MDK-ARM Professional  Version: 5.42.0.0
Toolchain Path:  C:\Gara\MDK542\ARM\ARMCC\Bin
C Compiler:      Armcc.exe V5.06 update 7 (build 960)
Assembler:       Armasm.exe V5.06 update 7 (build 960)
Linker/Locator:  ArmLink.exe V5.06 update 7 (build 960)
Library Manager: ArmAr.exe V5.06 update 7 (build 960)
Hex Converter:   FromElf.exe V5.06 update 7 (build 960)
CPU DLL:         SARMCM3.DLL V5.42.0.0
Dialog DLL:      DCM.DLL V1.17.5.0
Target DLL:      UL2CM3.DLL V1.164.14.0
Dialog DLL:      TCM.DLL V1.56.6.0
 
<h2>Project:</h2>
c:\Gara\Docs\GitHub\summer-solstice-25\Car\USER\Car.uvprojx
Project File Date:  07/25/2025

<h2>Output:</h2>
*** Using Compiler 'V5.06 update 7 (build 960)', folder: 'C:\Gara\MDK542\ARM\ARMCC\Bin'
Rebuild target 'Car'
compiling stm32f10x_dma.c...
assembling startup_stm32f10x_hd.s...
compiling misc.c...
compiling stm32f10x_can.c...
compiling stm32f10x_crc.c...
compiling core_cm3.c...
compiling stm32f10x_it.c...
compiling stm32f10x_dbgmcu.c...
compiling stm32f10x_bkp.c...
compiling system_stm32f10x.c...
compiling stm32f10x_dac.c...
compiling stm32f10x_adc.c...
compiling stm32f10x_exti.c...
compiling stm32f10x_cec.c...
compiling angle.c...
compiling main.c...
compiling stm32f10x_gpio.c...
compiling stm32f10x_fsmc.c...
compiling stm32f10x_flash.c...
compiling stm32f10x_i2c.c...
compiling stm32f10x_iwdg.c...
compiling stm32f10x_pwr.c...
compiling stm32f10x_rcc.c...
compiling stm32f10x_spi.c...
compiling stm32f10x_rtc.c...
compiling stm32f10x_sdio.c...
compiling stm32f10x_usart.c...
compiling stm32f10x_wwdg.c...
compiling delay.c...
compiling bsp.c...
compiling stm32f10x_tim.c...
compiling usart.c...
compiling bsp_battery.c...
compiling encoder.c...
compiling IOI2C.c...
compiling motor.c...
compiling inv_mpu_dmp_motion_driver.c...
compiling mpu6050.c...
..\BSP\MPU6050\mpu6050.c(631): warning:  #940-D: missing return statement at end of non-void function "MPU6050_getDate" 
  }
..\BSP\MPU6050\mpu6050.c(569): warning:  #550-D: variable "gyro_z"  was set but never used
  	float gyro_x,gyro_y,gyro_z,accel_x,accel_y,accel_z;
..\BSP\MPU6050\mpu6050.c: 2 warnings, 0 errors
compiling inv_mpu.c...
linking...
Program Size: Code=33324 RO-data=4164 RW-data=248 ZI-data=1904  
FromELF: creating hex file...
"..\OBJ\Car.axf" - 0 Error(s), 2 Warning(s).

<h2>Software Packages used:</h2>

Package Vendor: Keil
                https://www.keil.com/pack/Keil.STM32F1xx_DFP.2.4.1.pack
                Keil::STM32F1xx_DFP@2.4.1
                STMicroelectronics STM32F1 Series Device Support, Drivers and Examples

<h2>Collection of Component include folders:</h2>
  C:/Gara/MDK542/Packs/Keil/STM32F1xx_DFP/2.4.1/Device/Include

<h2>Collection of Component Files used:</h2>
Build Time Elapsed:  00:00:02
</pre>
</body>
</html>
